Component: ARM Compiler 5.06 update 6 (build 750) Tool: armlink [4d35ed]

==============================================================================

Section Cross References

    startup_stm32f769xx.o(RESET) refers to startup_stm32f769xx.o(STACK) for __initial_sp
    startup_stm32f769xx.o(RESET) refers to startup_stm32f769xx.o(.text) for Reset_Handler
    startup_stm32f769xx.o(RESET) refers to stm32f7xx_it.o(i.NMI_Handler) for NMI_Handler
    startup_stm32f769xx.o(RESET) refers to stm32f7xx_it.o(i.HardFault_Handler) for HardFault_Handler
    startup_stm32f769xx.o(RESET) refers to stm32f7xx_it.o(i.MemManage_Handler) for MemManage_Handler
    startup_stm32f769xx.o(RESET) refers to stm32f7xx_it.o(i.BusFault_Handler) for BusFault_Handler
    startup_stm32f769xx.o(RESET) refers to stm32f7xx_it.o(i.UsageFault_Handler) for UsageFault_Handler
    startup_stm32f769xx.o(RESET) refers to port.o(.emb_text) for SVC_Handler
    startup_stm32f769xx.o(RESET) refers to stm32f7xx_it.o(i.DebugMon_Handler) for DebugMon_Handler
    startup_stm32f769xx.o(RESET) refers to port.o(i.SysTick_Handler) for SysTick_Handler
    startup_stm32f769xx.o(RESET) refers to stm32f7xx_it.o(i.TIM6_DAC_IRQHandler) for TIM6_DAC_IRQHandler
    startup_stm32f769xx.o(RESET) refers to stm32f7xx_it.o(i.USART6_IRQHandler) for USART6_IRQHandler
    startup_stm32f769xx.o(RESET) refers to stm32f7xx_it.o(i.OTG_HS_IRQHandler) for OTG_HS_IRQHandler
    startup_stm32f769xx.o(RESET) refers to stm32f7xx_it.o(i.LTDC_IRQHandler) for LTDC_IRQHandler
    startup_stm32f769xx.o(RESET) refers to stm32f7xx_it.o(i.DMA2D_IRQHandler) for DMA2D_IRQHandler
    startup_stm32f769xx.o(RESET) refers to stm32f7xx_it.o(i.CEC_IRQHandler) for CEC_IRQHandler
    startup_stm32f769xx.o(RESET) refers to stm32f7xx_it.o(i.DSI_IRQHandler) for DSI_IRQHandler
    startup_stm32f769xx.o(.text) refers to system_stm32f7xx.o(i.SystemInit) for SystemInit
    startup_stm32f769xx.o(.text) refers to entry.o(.ARM.Collect$$$$00000000) for __main
    main.o(i.HAL_TIM_PeriodElapsedCallback) refers to stm32f7xx_hal.o(i.HAL_IncTick) for HAL_IncTick
    main.o(i.MX_GPIO_Init) refers to memseta.o(.text) for __aeabi_memclr4
    main.o(i.MX_GPIO_Init) refers to stm32f7xx_hal_gpio.o(i.HAL_GPIO_WritePin) for HAL_GPIO_WritePin
    main.o(i.MX_GPIO_Init) refers to stm32f7xx_hal_gpio.o(i.HAL_GPIO_Init) for HAL_GPIO_Init
    main.o(i.MX_SPI2_Init) refers to stm32f7xx_hal_spi.o(i.HAL_SPI_Init) for HAL_SPI_Init
    main.o(i.MX_SPI2_Init) refers to main.o(.bss) for .bss
    main.o(i.MX_TIM10_Init) refers to memseta.o(.text) for __aeabi_memclr4
    main.o(i.MX_TIM10_Init) refers to stm32f7xx_hal_tim.o(i.HAL_TIM_Base_Init) for HAL_TIM_Base_Init
    main.o(i.MX_TIM10_Init) refers to stm32f7xx_hal_tim.o(i.HAL_TIM_PWM_Init) for HAL_TIM_PWM_Init
    main.o(i.MX_TIM10_Init) refers to stm32f7xx_hal_tim.o(i.HAL_TIM_PWM_ConfigChannel) for HAL_TIM_PWM_ConfigChannel
    main.o(i.MX_TIM10_Init) refers to stm32f7xx_hal_msp.o(i.HAL_TIM_MspPostInit) for HAL_TIM_MspPostInit
    main.o(i.MX_TIM10_Init) refers to main.o(.bss) for .bss
    main.o(i.MX_TIM11_Init) refers to memseta.o(.text) for __aeabi_memclr4
    main.o(i.MX_TIM11_Init) refers to stm32f7xx_hal_tim.o(i.HAL_TIM_Base_Init) for HAL_TIM_Base_Init
    main.o(i.MX_TIM11_Init) refers to stm32f7xx_hal_tim.o(i.HAL_TIM_PWM_Init) for HAL_TIM_PWM_Init
    main.o(i.MX_TIM11_Init) refers to stm32f7xx_hal_tim.o(i.HAL_TIM_PWM_ConfigChannel) for HAL_TIM_PWM_ConfigChannel
    main.o(i.MX_TIM11_Init) refers to stm32f7xx_hal_msp.o(i.HAL_TIM_MspPostInit) for HAL_TIM_MspPostInit
    main.o(i.MX_TIM11_Init) refers to main.o(.bss) for .bss
    main.o(i.MX_TIM12_Init) refers to memseta.o(.text) for __aeabi_memclr4
    main.o(i.MX_TIM12_Init) refers to stm32f7xx_hal_tim.o(i.HAL_TIM_PWM_Init) for HAL_TIM_PWM_Init
    main.o(i.MX_TIM12_Init) refers to stm32f7xx_hal_tim.o(i.HAL_TIM_PWM_ConfigChannel) for HAL_TIM_PWM_ConfigChannel
    main.o(i.MX_TIM12_Init) refers to stm32f7xx_hal_msp.o(i.HAL_TIM_MspPostInit) for HAL_TIM_MspPostInit
    main.o(i.MX_TIM12_Init) refers to main.o(.bss) for .bss
    main.o(i.MX_TIM1_Init) refers to stm32f7xx_hal_tim.o(i.HAL_TIM_Base_Init) for HAL_TIM_Base_Init
    main.o(i.MX_TIM1_Init) refers to stm32f7xx_hal_tim.o(i.HAL_TIM_ConfigClockSource) for HAL_TIM_ConfigClockSource
    main.o(i.MX_TIM1_Init) refers to stm32f7xx_hal_tim_ex.o(i.HAL_TIMEx_MasterConfigSynchronization) for HAL_TIMEx_MasterConfigSynchronization
    main.o(i.MX_TIM1_Init) refers to main.o(.bss) for .bss
    main.o(i.MX_TIM3_Init) refers to memseta.o(.text) for __aeabi_memclr4
    main.o(i.MX_TIM3_Init) refers to stm32f7xx_hal_tim.o(i.HAL_TIM_PWM_Init) for HAL_TIM_PWM_Init
    main.o(i.MX_TIM3_Init) refers to stm32f7xx_hal_tim_ex.o(i.HAL_TIMEx_MasterConfigSynchronization) for HAL_TIMEx_MasterConfigSynchronization
    main.o(i.MX_TIM3_Init) refers to stm32f7xx_hal_tim.o(i.HAL_TIM_PWM_ConfigChannel) for HAL_TIM_PWM_ConfigChannel
[...]
    i.HAL_PCD_ResumeCallback                 0x0800103c   Section        0  stm32f7xx_hal_pcd.o(i.HAL_PCD_ResumeCallback)
    i.HAL_PCD_SOFCallback                    0x0800103e   Section        0  stm32f7xx_hal_pcd.o(i.HAL_PCD_SOFCallback)
    i.HAL_PCD_SetupStageCallback             0x08001040   Section        0  stm32f7xx_hal_pcd.o(i.HAL_PCD_SetupStageCallback)
    i.HAL_PCD_SuspendCallback                0x08001042   Section        0  stm32f7xx_hal_pcd.o(i.HAL_PCD_SuspendCallback)
    i.HAL_PWREx_EnableOverDrive              0x08001044   Section        0  stm32f7xx_hal_pwr_ex.o(i.HAL_PWREx_EnableOverDrive)
    i.HAL_PWR_EnableBkUpAccess               0x080010b0   Section        0  stm32f7xx_hal_pwr.o(i.HAL_PWR_EnableBkUpAccess)
    i.HAL_RCCEx_PeriphCLKConfig              0x080010c0   Section        0  stm32f7xx_hal_rcc_ex.o(i.HAL_RCCEx_PeriphCLKConfig)
    i.HAL_RCC_ClockConfig                    0x080015fc   Section        0  stm32f7xx_hal_rcc.o(i.HAL_RCC_ClockConfig)
    i.HAL_RCC_GetClockConfig                 0x08001728   Section        0  stm32f7xx_hal_rcc.o(i.HAL_RCC_GetClockConfig)
    i.HAL_RCC_GetHCLKFreq                    0x08001768   Section        0  stm32f7xx_hal_rcc.o(i.HAL_RCC_GetHCLKFreq)
    i.HAL_RCC_GetPCLK1Freq                   0x08001774   Section        0  stm32f7xx_hal_rcc.o(i.HAL_RCC_GetPCLK1Freq)
    i.HAL_RCC_GetPCLK2Freq                   0x08001794   Section        0  stm32f7xx_hal_rcc.o(i.HAL_RCC_GetPCLK2Freq)
    i.HAL_RCC_GetSysClockFreq                0x080017b4   Section        0  stm32f7xx_hal_rcc.o(i.HAL_RCC_GetSysClockFreq)
    i.HAL_RCC_MCOConfig                      0x08001818   Section        0  stm32f7xx_hal_rcc.o(i.HAL_RCC_MCOConfig)
    i.HAL_RCC_OscConfig                      0x080018ac   Section        0  stm32f7xx_hal_rcc.o(i.HAL_RCC_OscConfig)
    i.HAL_SPI_Init                           0x08001be8   Section        0  stm32f7xx_hal_spi.o(i.HAL_SPI_Init)
    i.HAL_SPI_MspInit                        0x08001cac   Section        0  stm32f7xx_hal_msp.o(i.HAL_SPI_MspInit)
    i.HAL_TIMEx_Break2Callback               0x08001d54   Section        0  stm32f7xx_hal_tim_ex.o(i.HAL_TIMEx_Break2Callback)
    i.HAL_TIMEx_BreakCallback                0x08001d56   Section        0  stm32f7xx_hal_tim_ex.o(i.HAL_TIMEx_BreakCallback)
    i.HAL_TIMEx_CommutCallback               0x08001d58   Section        0  stm32f7xx_hal_tim_ex.o(i.HAL_TIMEx_CommutCallback)
    i.HAL_TIMEx_MasterConfigSynchronization  0x08001d5c   Section        0  stm32f7xx_hal_tim_ex.o(i.HAL_TIMEx_MasterConfigSynchronization)
    i.HAL_TIM_Base_Init                      0x08001dbc   Section        0  stm32f7xx_hal_tim.o(i.HAL_TIM_Base_Init)
    i.HAL_TIM_Base_MspInit                   0x08001df4   Section        0  stm32f7xx_hal_msp.o(i.HAL_TIM_Base_MspInit)
    i.HAL_TIM_Base_Start_IT                  0x08001e50   Section        0  stm32f7xx_hal_tim.o(i.HAL_TIM_Base_Start_IT)
    i.HAL_TIM_ConfigClockSource              0x08001e7c   Section        0  stm32f7xx_hal_tim.o(i.HAL_TIM_ConfigClockSource)
    i.HAL_TIM_IC_CaptureCallback             0x08001f58   Section        0  stm32f7xx_hal_tim.o(i.HAL_TIM_IC_CaptureCallback)
    i.HAL_TIM_IRQHandler                     0x08001f5a   Section        0  stm32f7xx_hal_tim.o(i.HAL_TIM_IRQHandler)
    i.HAL_TIM_MspPostInit                    0x080020dc   Section        0  stm32f7xx_hal_msp.o(i.HAL_TIM_MspPostInit)
    i.HAL_TIM_OC_DelayElapsedCallback        0x080021bc   Section        0  stm32f7xx_hal_tim.o(i.HAL_TIM_OC_DelayElapsedCallback)
    i.HAL_TIM_PWM_ConfigChannel              0x080021be   Section        0  stm32f7xx_hal_tim.o(i.HAL_TIM_PWM_ConfigChannel)
    i.HAL_TIM_PWM_Init                       0x080022e6   Section        0  stm32f7xx_hal_tim.o(i.HAL_TIM_PWM_Init)
    i.HAL_TIM_PWM_MspInit                    0x0800231c   Section        0  stm32f7xx_hal_msp.o(i.HAL_TIM_PWM_MspInit)
    i.HAL_TIM_PWM_PulseFinishedCallback      0x0800235c   Section        0  stm32f7xx_hal_tim.o(i.HAL_TIM_PWM_PulseFinishedCallback)
    i.HAL_TIM_PeriodElapsedCallback          0x08002360   Section        0  main.o(i.HAL_TIM_PeriodElapsedCallback)
    i.HAL_TIM_TriggerCallback                0x08002374   Section        0  stm32f7xx_hal_tim.o(i.HAL_TIM_TriggerCallback)
    i.HAL_UART_ErrorCallback                 0x08002376   Section        0  stm32f7xx_hal_uart.o(i.HAL_UART_ErrorCallback)
    i.HAL_UART_IRQHandler                    0x08002378   Section        0  stm32f7xx_hal_uart.o(i.HAL_UART_IRQHandler)
    i.HAL_UART_Init                          0x080024a0   Section        0  stm32f7xx_hal_uart.o(i.HAL_UART_Init)
    i.HAL_UART_MspInit                       0x08002508   Section        0  stm32f7xx_hal_msp.o(i.HAL_UART_MspInit)
    i.HAL_UART_Receive_IT                    0x08002648   Section        0  stm32f7xx_hal_uart.o(i.HAL_UART_Receive_IT)
    i.HAL_UART_RxCpltCallback                0x080026f4   Section        0  stm32f7xx_hal_uart.o(i.HAL_UART_RxCpltCallback)
    i.HAL_UART_Transmit                      0x080026f6   Section        0  stm32f7xx_hal_uart.o(i.HAL_UART_Transmit)
    i.HAL_UART_TxCpltCallback                0x080027ac   Section        0  stm32f7xx_hal_uart.o(i.HAL_UART_TxCpltCallback)
    i.HardFault_Handler                      0x080027ae   Section        0  stm32f7xx_it.o(i.HardFault_Handler)
    i.LTDC_IRQHandler                        0x080027b0   Section        0  stm32f7xx_it.o(i.LTDC_IRQHandler)
    i.MX_GPIO_Init                           0x080027bc   Section        0  main.o(i.MX_GPIO_Init)
    MX_GPIO_Init                             0x080027bd   Thumb Code   442  main.o(i.MX_GPIO_Init)
    i.MX_SPI2_Init                           0x080029a4   Section        0  main.o(i.MX_SPI2_Init)
    MX_SPI2_Init                             0x080029a5   Thumb Code    54  main.o(i.MX_SPI2_Init)
    i.MX_TIM10_Init                          0x080029e4   Section        0  main.o(i.MX_TIM10_Init)
    MX_TIM10_Init                            0x080029e5   Thumb Code    70  main.o(i.MX_TIM10_Init)
    i.MX_TIM11_Init                          0x08002a34   Section        0  main.o(i.MX_TIM11_Init)
    MX_TIM11_Init                            0x08002a35   Thumb Code    70  main.o(i.MX_TIM11_Init)
    i.MX_TIM12_Init                          0x08002a84   Section        0  main.o(i.MX_TIM12_Init)
    MX_TIM12_Init                            0x08002a85   Thumb Code    64  main.o(i.MX_TIM12_Init)
    i.MX_TIM1_Init                           0x08002acc   Section        0  main.o(i.MX_TIM1_Init)
    MX_TIM1_Init                             0x08002acd   Thumb Code    74  main.o(i.MX_TIM1_Init)
    i.MX_TIM3_Init                           0x08002b20   Section        0  main.o(i.MX_TIM3_Init)
    MX_TIM3_Init                             0x08002b21   Thumb Code    82  main.o(i.MX_TIM3_Init)
    i.MX_UART5_Init                          0x08002b7c   Section        0  main.o(i.MX_UART5_Init)
    MX_UART5_Init                            0x08002b7d   Thumb Code    40  main.o(i.MX_UART5_Init)
    i.MX_USART1_UART_Init                    0x08002bac   Section        0  main.o(i.MX_USART1_UART_Init)
    MX_USART1_UART_Init                      0x08002bad   Thumb Code    40  main.o(i.MX_USART1_UART_Init)
    i.MX_USART6_UART_Init                    0x08002bdc   Section        0  main.o(i.MX_USART6_UART_Init)
    MX_USART6_UART_Init                      0x08002bdd   Thumb Code    40  main.o(i.MX_USART6_UART_Init)
    i.MemManage_Handler                      0x08002c0c   Section        0  stm32f7xx_it.o(i.MemManage_Handler)
    i.NMI_Handler                            0x08002c0e   Section        0  stm32f7xx_it.o(i.NMI_Handler)
    i.OTG_HS_IRQHandler                      0x08002c10   Section        0  stm32f7xx_it.o(i.OTG_HS_IRQHandler)
    i.PCD_EP_OutXfrComplete_int              0x08002c1c   Section        0  stm32f7xx_hal_pcd.o(i.PCD_EP_OutXfrComplete_int)
    PCD_EP_OutXfrComplete_int                0x08002c1d   Thumb Code   212  stm32f7xx_hal_pcd.o(i.PCD_EP_OutXfrComplete_int)
    i.PCD_WriteEmptyTxFifo                   0x08002cf8   Section        0  stm32f7xx_hal_pcd.o(i.PCD_WriteEmptyTxFifo)
    PCD_WriteEmptyTxFifo                     0x08002cf9   Thumb Code   162  stm32f7xx_hal_pcd.o(i.PCD_WriteEmptyTxFifo)
    i.ReadCode                               0x08002d9a   Section        0  scanercodes_gm66.o(i.ReadCode)
    i.StartReadCodeTask                      0x08002dbe   Section        0  main.o(i.StartReadCodeTask)
    i.StartScanCodeReadTask                  0x08002dcc   Section        0  main.o(i.StartScanCodeReadTask)
    i.SysTick_Handler                        0x08002ef4   Section        0  port.o(i.SysTick_Handler)
    i.SystemClock_Config                     0x08002f24   Section        0  main.o(i.SystemClock_Config)
    i.SystemInit                             0x08003010   Section        0  system_stm32f7xx.o(i.SystemInit)
    i.TIM6_DAC_IRQHandler                    0x08003064   Section        0  stm32f7xx_it.o(i.TIM6_DAC_IRQHandler)
    i.TIM_Base_SetConfig                     0x08003070   Section        0  stm32f7xx_hal_tim.o(i.TIM_Base_SetConfig)
    i.TIM_ETR_SetConfig                      0x0800313c   Section        0  stm32f7xx_hal_tim.o(i.TIM_ETR_SetConfig)
    i.TIM_ITRx_SetConfig                     0x0800314e   Section        0  stm32f7xx_hal_tim.o(i.TIM_ITRx_SetConfig)
    TIM_ITRx_SetConfig                       0x0800314f   Thumb Code    16  stm32f7xx_hal_tim.o(i.TIM_ITRx_SetConfig)
    i.TIM_OC1_SetConfig                      0x08003160   Section        0  stm32f7xx_hal_tim.o(i.TIM_OC1_SetConfig)
    TIM_OC1_SetConfig                        0x08003161   Thumb Code   102  stm32f7xx_hal_tim.o(i.TIM_OC1_SetConfig)
    i.TIM_OC2_SetConfig                      0x080031d4   Section        0  stm32f7xx_hal_tim.o(i.TIM_OC2_SetConfig)
    i.TIM_OC3_SetConfig                      0x0800324c   Section        0  stm32f7xx_hal_tim.o(i.TIM_OC3_SetConfig)
    TIM_OC3_SetConfig                        0x0800324d   Thumb Code   108  stm32f7xx_hal_tim.o(i.TIM_OC3_SetConfig)
    i.TIM_OC4_SetConfig                      0x080032c4   Section        0  stm32f7xx_hal_tim.o(i.TIM_OC4_SetConfig)
    TIM_OC4_SetConfig                        0x080032c5   Thumb Code    76  stm32f7xx_hal_tim.o(i.TIM_OC4_SetConfig)
    i.TIM_OC5_SetConfig                      0x0800331c   Section        0  stm32f7xx_hal_tim.o(i.TIM_OC5_SetConfig)
    TIM_OC5_SetConfig                        0x0800331d   Thumb Code    74  stm32f7xx_hal_tim.o(i.TIM_OC5_SetConfig)
    i.TIM_OC6_SetConfig                      0x08003374   Section        0  stm32f7xx_hal_tim.o(i.TIM_OC6_SetConfig)
    TIM_OC6_SetConfig                        0x08003375   Thumb Code    74  stm32f7xx_hal_tim.o(i.TIM_OC6_SetConfig)
    i.TIM_TI1_ConfigInputStage               0x080033cc   Section        0  stm32f7xx_hal_tim.o(i.TIM_TI1_ConfigInputStage)
    TIM_TI1_ConfigInputStage                 0x080033cd   Thumb Code    34  stm32f7xx_hal_tim.o(i.TIM_TI1_ConfigInputStage)
    i.TIM_TI2_ConfigInputStage               0x080033ee   Section        0  stm32f7xx_hal_tim.o(i.TIM_TI2_ConfigInputStage)
    TIM_TI2_ConfigInputStage                 0x080033ef   Thumb Code    36  stm32f7xx_hal_tim.o(i.TIM_TI2_ConfigInputStage)
    i.UART_AdvFeatureConfig                  0x08003412   Section        0  stm32f7xx_hal_uart.o(i.UART_AdvFeatureConfig)
    i.UART_CheckIdleState                    0x080034da   Section        0  stm32f7xx_hal_uart.o(i.UART_CheckIdleState)
    i.UART_DMAAbortOnError                   0x08003516   Section        0  stm32f7xx_hal_uart.o(i.UART_DMAAbortOnError)
    UART_DMAAbortOnError                     0x08003517   Thumb Code    20  stm32f7xx_hal_uart.o(i.UART_DMAAbortOnError)
    i.UART_EndRxTransfer                     0x0800352a   Section        0  stm32f7xx_hal_uart.o(i.UART_EndRxTransfer)
    UART_EndRxTransfer                       0x0800352b   Thumb Code    32  stm32f7xx_hal_uart.o(i.UART_EndRxTransfer)
    i.UART_RxISR_16BIT                       0x0800354a   Section        0  stm32f7xx_hal_uart.o(i.UART_RxISR_16BIT)
    UART_RxISR_16BIT                         0x0800354b   Thumb Code    90  stm32f7xx_hal_uart.o(i.UART_RxISR_16BIT)
    i.UART_RxISR_8BIT                        0x080035a4   Section        0  stm32f7xx_hal_uart.o(i.UART_RxISR_8BIT)
    UART_RxISR_8BIT                          0x080035a5   Thumb Code    90  stm32f7xx_hal_uart.o(i.UART_RxISR_8BIT)
    i.UART_SetConfig                         0x08003600   Section        0  stm32f7xx_hal_uart.o(i.UART_SetConfig)
    i.UART_WaitOnFlagUntilTimeout            0x08003854   Section        0  stm32f7xx_hal_uart.o(i.UART_WaitOnFlagUntilTimeout)
    i.USART6_IRQHandler                      0x080038b4   Section        0  stm32f7xx_it.o(i.USART6_IRQHandler)
    i.USB_ActivateSetup                      0x080038c0   Section        0  stm32f7xx_ll_usb.o(i.USB_ActivateSetup)
    i.USB_EP0_OutStart                       0x080038f4   Section        0  stm32f7xx_ll_usb.o(i.USB_EP0_OutStart)
    i.USB_FlushTxFifo                        0x0800394c   Section        0  stm32f7xx_ll_usb.o(i.USB_FlushTxFifo)
    i.USB_GetDevSpeed                        0x08003970   Section        0  stm32f7xx_ll_usb.o(i.USB_GetDevSpeed)
    i.USB_GetMode                            0x0800398a   Section        0  stm32f7xx_ll_usb.o(i.USB_GetMode)
    i.USB_ReadDevAllInEpInterrupt            0x08003992   Section        0  stm32f7xx_ll_usb.o(i.USB_ReadDevAllInEpInterrupt)
    i.USB_ReadDevAllOutEpInterrupt           0x080039a0   Section        0  stm32f7xx_ll_usb.o(i.USB_ReadDevAllOutEpInterrupt)
    i.USB_ReadDevInEPInterrupt               0x080039ae   Section        0  stm32f7xx_ll_usb.o(i.USB_ReadDevInEPInterrupt)
    i.USB_ReadDevOutEPInterrupt              0x080039d2   Section        0  stm32f7xx_ll_usb.o(i.USB_ReadDevOutEPInterrupt)
    i.USB_ReadInterrupts                     0x080039e2   Section        0  stm32f7xx_ll_usb.o(i.USB_ReadInterrupts)
    i.USB_ReadPacket                         0x080039ea   Section        0  stm32f7xx_ll_usb.o(i.USB_ReadPacket)
    i.USB_SetTurnaroundTime                  0x08003a08   Section        0  stm32f7xx_ll_usb.o(i.USB_SetTurnaroundTime)
    i.USB_WritePacket                        0x08003af0   Section        0  stm32f7xx_ll_usb.o(i.USB_WritePacket)
    i.UsageFault_Handler                     0x08003b14   Section        0  stm32f7xx_it.o(i.UsageFault_Handler)
    i.__NVIC_SetPriority                     0x08003b16   Section        0  stm32f7xx_hal_cortex.o(i.__NVIC_SetPriority)
    __NVIC_SetPriority                       0x08003b17   Thumb Code    34  stm32f7xx_hal_cortex.o(i.__NVIC_SetPriority)
    i.__scatterload_copy                     0x08003b38   Section       14  handlers.o(i.__scatterload_copy)
    i.__scatterload_null                     0x08003b46   Section        2  handlers.o(i.__scatterload_null)
    i.__scatterload_zeroinit                 0x08003b48   Section       14  handlers.o(i.__scatterload_zeroinit)
    i.main                                   0x08003b58   Section        0  main.o(i.main)
    i.makeFreeRtosPriority                   0x08003bdc   Section        0  cmsis_os.o(i.makeFreeRtosPriority)
    makeFreeRtosPriority                     0x08003bdd   Thumb Code    14  cmsis_os.o(i.makeFreeRtosPriority)
    i.osDelay                                0x08003bea   Section        0  cmsis_os.o(i.osDelay)
    i.osKernelStart                          0x08003bf8   Section        0  cmsis_os.o(i.osKernelStart)
    i.osMessageCreate                        0x08003c02   Section        0  cmsis_os.o(i.osMessageCreate)
    i.osThreadCreate                         0x08003c28   Section        0  cmsis_os.o(i.osThreadCreate)
    i.prvAddCurrentTaskToDelayedList         0x08003c7c   Section        0  tasks.o(i.prvAddCurrentTaskToDelayedList)
    prvAddCurrentTaskToDelayedList           0x08003c7d   Thumb Code   102  tasks.o(i.prvAddCurrentTaskToDelayedList)
    i.prvAddNewTaskToReadyList               0x08003cec   Section        0  tasks.o(i.prvAddNewTaskToReadyList)
    prvAddNewTaskToReadyList                 0x08003ced   Thumb Code   194  tasks.o(i.prvAddNewTaskToReadyList)
    i.prvDeleteTCB                           0x08003dbc   Section        0  tasks.o(i.prvDeleteTCB)
    prvDeleteTCB                             0x08003dbd   Thumb Code    56  tasks.o(i.prvDeleteTCB)
    i.prvHeapInit                            0x08003df4   Section        0  heap_4.o(i.prvHeapInit)
    prvHeapInit                              0x08003df5   Thumb Code    70  heap_4.o(i.prvHeapInit)
    i.prvIdleTask                            0x08003e44   Section        0  tasks.o(i.prvIdleTask)
    prvIdleTask                              0x08003e45   Thumb Code    86  tasks.o(i.prvIdleTask)
    i.prvInitialiseNewQueue                  0x08003ea8   Section        0  queue.o(i.prvInitialiseNewQueue)
    prvInitialiseNewQueue                    0x08003ea9   Thumb Code    22  queue.o(i.prvInitialiseNewQueue)
    i.prvInitialiseNewTask                   0x08003ebe   Section        0  tasks.o(i.prvInitialiseNewTask)
    prvInitialiseNewTask                     0x08003ebf   Thumb Code   162  tasks.o(i.prvInitialiseNewTask)
    i.prvInsertBlockIntoFreeList             0x08003f60   Section        0  heap_4.o(i.prvInsertBlockIntoFreeList)
    prvInsertBlockIntoFreeList               0x08003f61   Thumb Code    72  heap_4.o(i.prvInsertBlockIntoFreeList)
    i.prvResetNextTaskUnblockTime            0x08003fac   Section        0  tasks.o(i.prvResetNextTaskUnblockTime)
    prvResetNextTaskUnblockTime              0x08003fad   Thumb Code    26  tasks.o(i.prvResetNextTaskUnblockTime)
    i.prvTaskExitError                       0x08003fcc   Section        0  port.o(i.prvTaskExitError)
    prvTaskExitError                         0x08003fcd   Thumb Code    42  port.o(i.prvTaskExitError)
    i.pvPortMalloc                           0x08003ffc   Section        0  heap_4.o(i.pvPortMalloc)
    i.pxPortInitialiseStack                  0x080040e8   Section        0  port.o(i.pxPortInitialiseStack)
    i.uxListRemove                           0x08004118   Section        0  list.o(i.uxListRemove)
    i.vApplicationGetIdleTaskMemory          0x08004140   Section        0  freertos.o(i.vApplicationGetIdleTaskMemory)
    i.vApplicationIdleHook                   0x08004158   Section        0  freertos.o(i.vApplicationIdleHook)
    i.vApplicationMallocFailedHook           0x0800415a   Section        0  freertos.o(i.vApplicationMallocFailedHook)
    i.vApplicationStackOverflowHook          0x0800415c   Section        0  freertos.o(i.vApplicationStackOverflowHook)
    i.vListInitialise                        0x0800415e   Section        0  list.o(i.vListInitialise)
    i.vListInitialiseItem                    0x08004174   Section        0  list.o(i.vListInitialiseItem)
    i.vListInsert                            0x0800417a   Section        0  list.o(i.vListInsert)
    i.vListInsertEnd                         0x080041aa   Section        0  list.o(i.vListInsertEnd)
    i.vPortEnterCritical                     0x080041c4   Section        0  port.o(i.vPortEnterCritical)
    i.vPortExitCritical                      0x0800420c   Section        0  port.o(i.vPortExitCritical)
    i.vPortFree                              0x08004238   Section        0  heap_4.o(i.vPortFree)
    i.vPortSetupTimerInterrupt               0x0800429c   Section        0  port.o(i.vPortSetupTimerInterrupt)
    i.vTaskDelay                             0x080042c0   Section        0  tasks.o(i.vTaskDelay)
    i.vTaskStartScheduler                    0x08004310   Section        0  tasks.o(i.vTaskStartScheduler)
    i.vTaskSuspendAll                        0x08004380   Section        0  tasks.o(i.vTaskSuspendAll)
    i.vTaskSwitchContext                     0x08004390   Section        0  tasks.o(i.vTaskSwitchContext)
    i.xPortStartScheduler                    0x0800441c   Section        0  port.o(i.xPortStartScheduler)
    i.xQueueGenericCreate                    0x080044dc   Section        0  queue.o(i.xQueueGenericCreate)
    i.xQueueGenericCreateStatic              0x08004528   Section        0  queue.o(i.xQueueGenericCreateStatic)
    i.xQueueGenericReset                     0x080045a0   Section        0  queue.o(i.xQueueGenericReset)
    i.xTaskCreate                            0x08004638   Section        0  tasks.o(i.xTaskCreate)
    i.xTaskCreateStatic                      0x08004692   Section        0  tasks.o(i.xTaskCreateStatic)
    i.xTaskIncrementTick                     0x080046f0   Section        0  tasks.o(i.xTaskIncrementTick)
    i.xTaskRemoveFromEventList               0x080047bc   Section        0  tasks.o(i.xTaskRemoveFromEventList)
    i.xTaskResumeAll                         0x08004834   Section        0  tasks.o(i.xTaskResumeAll)
    .constdata                               0x080048fc   Section       72  main.o(.constdata)
    .constdata                               0x08004944   Section       16  system_stm32f7xx.o(.constdata)
    .constdata                               0x08004954   Section        8  system_stm32f7xx.o(.constdata)
    .conststring                             0x0800495c   Section       32  main.o(.conststring)
    .data                                    0x20000000   Section       20  main.o(.data)
    .data                                    0x20000014   Section       12  stm32f7xx_hal.o(.data)
    .data                                    0x20000020   Section        4  system_stm32f7xx.o(.data)
    .data                                    0x20000024   Section       60  tasks.o(.data)
    pxDelayedTaskList                        0x20000028   Data           4  tasks.o(.data)
    pxOverflowDelayedTaskList                0x2000002c   Data           4  tasks.o(.data)
    uxDeletedTasksWaitingCleanUp             0x20000030   Data           4  tasks.o(.data)
    uxCurrentNumberOfTasks                   0x20000034   Data           4  tasks.o(.data)
    xTickCount                               0x20000038   Data           4  tasks.o(.data)
    uxTopReadyPriority                       0x2000003c   Data           4  tasks.o(.data)
    xSchedulerRunning                        0x20000040   Data           4  tasks.o(.data)
    uxPendedTicks                            0x20000044   Data           4  tasks.o(.data)
    xYieldPending                            0x20000048   Data           4  tasks.o(.data)
    xNumOfOverflows                          0x2000004c   Data           4  tasks.o(.data)
    uxTaskNumber                             0x20000050   Data           4  tasks.o(.data)
    xNextTaskUnblockTime                     0x20000054   Data           4  tasks.o(.data)
    xIdleTaskHandle                          0x20000058   Data           4  tasks.o(.data)
    uxSchedulerSuspended                     0x2000005c   Data           4  tasks.o(.data)
    .data                                    0x20000060   Section       24  heap_4.o(.data)
    pxEnd                                    0x20000060   Data           4  heap_4.o(.data)
    xFreeBytesRemaining                      0x20000064   Data           4  heap_4.o(.data)
    xMinimumEverFreeBytesRemaining           0x20000068   Data           4  heap_4.o(.data)
    xBlockAllocatedBit                       0x2000006c   Data           4  heap_4.o(.data)
    xStart                                   0x20000070   Data           8  heap_4.o(.data)
    .data                                    0x20000078   Section       12  port.o(.data)
    ucMaxSysCallPriority                     0x20000078   Data           1  port.o(.data)
    uxCriticalNesting                        0x2000007c   Data           4  port.o(.data)
    ulMaxPRIGROUPValue                       0x20000080   Data           4  port.o(.data)
    .bss                                     0x20000084   Section     1024  main.o(.bss)
    .bss                                     0x20000484   Section       88  main.o(.bss)
    .bss                                     0x200004dc   Section       28  main.o(.bss)
    .bss                                     0x200004f8   Section       68  main.o(.bss)
    .bss                                     0x2000053c   Section      168  main.o(.bss)
    .bss                                     0x200005e4   Section     1028  main.o(.bss)
    .bss                                     0x200009e8   Section      100  main.o(.bss)
    .bss                                     0x20000a4c   Section       72  main.o(.bss)
    .bss                                     0x20000a94   Section      600  freertos.o(.bss)
    xIdleTaskTCBBuffer                       0x20000a94   Data          88  freertos.o(.bss)
    xIdleStack                               0x20000aec   Data         512  freertos.o(.bss)
    .bss                                     0x20000cec   Section       64  stm32f7xx_hal_timebase_tim.o(.bss)
    .bss                                     0x20000d2c   Section      240  tasks.o(.bss)
    pxReadyTasksLists                        0x20000d2c   Data         140  tasks.o(.bss)
    xDelayedTaskList1                        0x20000db8   Data          20  tasks.o(.bss)
    xDelayedTaskList2                        0x20000dcc   Data          20  tasks.o(.bss)
    xPendingReadyList                        0x20000de0   Data          20  tasks.o(.bss)
    xTasksWaitingTermination                 0x20000df4   Data          20  tasks.o(.bss)
    xSuspendedTaskList                       0x20000e08   Data          20  tasks.o(.bss)
    .bss                                     0x20000e1c   Section    32768  heap_4.o(.bss)
    ucHeap                                   0x20000e1c   Data       32768  heap_4.o(.bss)
    STACK                                    0x20008e20   Section    16384  startup_stm32f769xx.o(STACK)

    Global Symbols

    Symbol Name                              Value     Ov Type        Size  Object(Section)

    BuildAttributes$$THM_ISAv4$E$P$D$K$B$S$7EM$VFPv5_D16$PE$PLD8$A:L22UL41UL21$X:L11$S22US41US21$IEEE1$IW$USESV6$~STKCKD$USESV7$~SHL$OSPACE$EBA8$MICROLIB$REQ8$PRES8$EABIv2 0x00000000   Number         0  anon$$obj.o ABSOLUTE
    __ARM_use_no_argv                        0x00000000   Number         0  main.o ABSOLUTE
    __cpp_initialize__aeabi_                  - Undefined Weak Reference
    __cxa_finalize                            - Undefined Weak Reference
    __decompress                              - Undefined Weak Reference
    _clock_init                               - Undefined Weak Reference
    _microlib_exit                            - Undefined Weak Reference
    __Vectors_Size                           0x000001f8   Number         0  startup_stm32f769xx.o ABSOLUTE
    __Vectors                                0x08000000   Data           4  startup_stm32f769xx.o(RESET)
    __Vectors_End                            0x080001f8   Data           0  startup_stm32f769xx.o(RESET)
    __main                                   0x080001f9   Thumb Code     0  entry.o(.ARM.Collect$$$$00000000)
    _main_stk                                0x080001f9   Thumb Code     0  entry2.o(.ARM.Collect$$$$00000001)
    _main_scatterload                        0x080001fd   Thumb Code     0  entry5.o(.ARM.Collect$$$$00000004)
    __main_after_scatterload                 0x08000201   Thumb Code     0  entry5.o(.ARM.Collect$$$$00000004)
    _main_clock                              0x08000201   Thumb Code     0  entry7b.o(.ARM.Collect$$$$00000008)
    _main_cpp_init                           0x08000201   Thumb Code     0  entry8b.o(.ARM.Collect$$$$0000000A)
    _main_init                               0x08000201   Thumb Code     0  entry9a.o(.ARM.Collect$$$$0000000B)
    __rt_final_cpp                           0x08000209   Thumb Code     0  entry10a.o(.ARM.Collect$$$$0000000D)
    __rt_final_exit                          0x08000209   Thumb Code     0  entry11a.o(.ARM.Collect$$$$0000000F)
    SVC_Handler                              0x0800020d   Thumb Code    28  port.o(.emb_text)
    __asm___6_port_c_39a90d8d__prvStartFirstTask 0x0800022d   Thumb Code    36  port.o(.emb_text)
    __asm___6_port_c_39a90d8d__prvEnableVFP  0x08000255   Thumb Code    16  port.o(.emb_text)
    PendSV_Handler                           0x08000269   Thumb Code    92  port.o(.emb_text)
    vPortGetIPSR                             0x080002c9   Thumb Code     6  port.o(.emb_text)
    Reset_Handler                            0x080002d1   Thumb Code     8  startup_stm32f769xx.o(.text)
    ADC_IRQHandler                           0x080002eb   Thumb Code     0  startup_stm32f769xx.o(.text)
    CAN1_RX0_IRQHandler                      0x080002eb   Thumb Code     0  startup_stm32f769xx.o(.text)
    CAN1_RX1_IRQHandler                      0x080002eb   Thumb Code     0  startup_stm32f769xx.o(.text)
    CAN1_SCE_IRQHandler                      0x080002eb   Thumb Code     0  startup_stm32f769xx.o(.text)
    CAN1_TX_IRQHandler                       0x080002eb   Thumb Code     0  startup_stm32f769xx.o(.text)
    CAN2_RX0_IRQHandler                      0x080002eb   Thumb Code     0  startup_stm32f769xx.o(.text)
    CAN2_RX1_IRQHandler                      0x080002eb   Thumb Code     0  startup_stm32f769xx.o(.text)
    CAN2_SCE_IRQHandler                      0x080002eb   Thumb Code     0  startup_stm32f769xx.o(.text)
    CAN2_TX_IRQHandler                       0x080002eb   Thumb Code     0  startup_stm32f769xx.o(.text)
    CAN3_RX0_IRQHandler                      0x080002eb   Thumb Code     0  startup_stm32f769xx.o(.text)
    CAN3_RX1_IRQHandler                      0x080002eb   Thumb Code     0  startup_stm32f769xx.o(.text)
    CAN3_SCE_IRQHandler                      0x080002eb   Thumb Code     0  startup_stm32f769xx.o(.text)
    CAN3_TX_IRQHandler                       0x080002eb   Thumb Code     0  startup_stm32f769xx.o(.text)
    DCMI_IRQHandler                          0x080002eb   Thumb Code     0  startup_stm32f769xx.o(.text)
    DFSDM1_FLT0_IRQHandler                   0x080002eb   Thumb Code     0  startup_stm32f769xx.o(.text)
    DFSDM1_FLT1_IRQHandler                   0x080002eb   Thumb Code     0  startup_stm32f769xx.o(.text)
    DFSDM1_FLT2_IRQHandler                   0x080002eb   Thumb Code     0  startup_stm32f769xx.o(.text)
    DFSDM1_FLT3_IRQHandler                   0x080002eb   Thumb Code     0  startup_stm32f769xx.o(.text)
    DMA1_Stream0_IRQHandler                  0x080002eb   Thumb Code     0  startup_stm32f769xx.o(.text)
    DMA1_Stream1_IRQHandler                  0x080002eb   Thumb Code     0  startup_stm32f769xx.o(.text)
    DMA1_Stream2_IRQHandler                  0x080002eb   Thumb Code     0  startup_stm32f769xx.o(.text)
    DMA1_Stream3_IRQHandler                  0x080002eb   Thumb Code     0  startup_stm32f769xx.o(.text)
    DMA1_Stream4_IRQHandler                  0x080002eb   Thumb Code     0  startup_stm32f769xx.o(.text)
    DMA1_Stream5_IRQHandler                  0x080002eb   Thumb Code     0  startup_stm32f769xx.o(.text)
    DMA1_Stream6_IRQHandler                  0x080002eb   Thumb Code     0  startup_stm32f769xx.o(.text)
    DMA1_Stream7_IRQHandler                  0x080002eb   Thumb Code     0  startup_stm32f769xx.o(.text)
    DMA2_Stream0_IRQHandler                  0x080002eb   Thumb Code     0  startup_stm32f769xx.o(.text)
    DMA2_Stream1_IRQHandler                  0x080002eb   Thumb Code     0  startup_stm32f769xx.o(.text)
    DMA2_Stream2_IRQHandler                  0x080002eb   Thumb Code     0  startup_stm32f769xx.o(.text)
    DMA2_Stream3_IRQHandler                  0x080002eb   Thumb Code     0  startup_stm32f769xx.o(.text)
    DMA2_Stream4_IRQHandler                  0x080002eb   Thumb Code     0  startup_stm32f769xx.o(.text)
    DMA2_Stream5_IRQHandler                  0x080002eb   Thumb Code     0  startup_stm32f769xx.o(.text)
    DMA2_Stream6_IRQHandler                  0x080002eb   Thumb Code     0  startup_stm32f769xx.o(.text)
    DMA2_Stream7_IRQHandler                  0x080002eb   Thumb Code     0  startup_stm32f769xx.o(.text)
    ETH_IRQHandler                           0x080002eb   Thumb Code     0  startup_stm32f769xx.o(.text)
    ETH_WKUP_IRQHandler                      0x080002eb   Thumb Code     0  startup_stm32f769xx.o(.text)
    EXTI0_IRQHandler                         0x080002eb   Thumb Code     0  startup_stm32f769xx.o(.text)
    EXTI15_10_IRQHandler                     0x080002eb   Thumb Code     0  startup_stm32f769xx.o(.text)
    EXTI1_IRQHandler                         0x080002eb   Thumb Code     0  startup_stm32f769xx.o(.text)
    EXTI2_IRQHandler                         0x080002eb   Thumb Code     0  startup_stm32f769xx.o(.text)
    EXTI3_IRQHandler                         0x080002eb   Thumb Code     0  startup_stm32f769xx.o(.text)
    EXTI4_IRQHandler                         0x080002eb   Thumb Code     0  startup_stm32f769xx.o(.text)
    EXTI9_5_IRQHandler                       0x080002eb   Thumb Code     0  startup_stm32f769xx.o(.text)
    FLASH_IRQHandler                         0x080002eb   Thumb Code     0  startup_stm32f769xx.o(.text)
    FMC_IRQHandler                           0x080002eb   Thumb Code     0  startup_stm32f769xx.o(.text)
    FPU_IRQHandler                           0x080002eb   Thumb Code     0  startup_stm32f769xx.o(.text)
    I2C1_ER_IRQHandler                       0x080002eb   Thumb Code     0  startup_stm32f769xx.o(.text)
    I2C1_EV_IRQHandler                       0x080002eb   Thumb Code     0  startup_stm32f769xx.o(.text)
    I2C2_ER_IRQHandler                       0x080002eb   Thumb Code     0  startup_stm32f769xx.o(.text)
    I2C2_EV_IRQHandler                       0x080002eb   Thumb Code     0  startup_stm32f769xx.o(.text)
    I2C3_ER_IRQHandler                       0x080002eb   Thumb Code     0  startup_stm32f769xx.o(.text)
    I2C3_EV_IRQHandler                       0x080002eb   Thumb Code     0  startup_stm32f769xx.o(.text)
    I2C4_ER_IRQHandler                       0x080002eb   Thumb Code     0  startup_stm32f769xx.o(.text)
    I2C4_EV_IRQHandler                       0x080002eb   Thumb Code     0  startup_stm32f769xx.o(.text)
    JPEG_IRQHandler                          0x080002eb   Thumb Code     0  startup_stm32f769xx.o(.text)
    LPTIM1_IRQHandler                        0x080002eb   Thumb Code     0  startup_stm32f769xx.o(.text)
    LTDC_ER_IRQHandler                       0x080002eb   Thumb Code     0  startup_stm32f769xx.o(.text)
    MDIOS_IRQHandler                         0x080002eb   Thumb Code     0  startup_stm32f769xx.o(.text)
    OTG_FS_IRQHandler                        0x080002eb   Thumb Code     0  startup_stm32f769xx.o(.text)
    OTG_FS_WKUP_IRQHandler                   0x080002eb   Thumb Code     0  startup_stm32f769xx.o(.text)
    OTG_HS_EP1_IN_IRQHandler                 0x080002eb   Thumb Code     0  startup_stm32f769xx.o(.text)
    OTG_HS_EP1_OUT_IRQHandler                0x080002eb   Thumb Code     0  startup_stm32f769xx.o(.text)
    OTG_HS_WKUP_IRQHandler                   0x080002eb   Thumb Code     0  startup_stm32f769xx.o(.text)
    PVD_IRQHandler                           0x080002eb   Thumb Code     0  startup_stm32f769xx.o(.text)
    QUADSPI_IRQHandler                       0x080002eb   Thumb Code     0  startup_stm32f769xx.o(.text)
    RCC_IRQHandler                           0x080002eb   Thumb Code     0  startup_stm32f769xx.o(.text)
    RNG_IRQHandler                           0x080002eb   Thumb Code     0  startup_stm32f769xx.o(.text)
    RTC_Alarm_IRQHandler                     0x080002eb   Thumb Code     0  startup_stm32f769xx.o(.text)
    RTC_WKUP_IRQHandler                      0x080002eb   Thumb Code     0  startup_stm32f769xx.o(.text)
    SAI1_IRQHandler                          0x080002eb   Thumb Code     0  startup_stm32f769xx.o(.text)
    SAI2_IRQHandler                          0x080002eb   Thumb Code     0  startup_stm32f769xx.o(.text)
    SDMMC1_IRQHandler                        0x080002eb   Thumb Code     0  startup_stm32f769xx.o(.text)
    SDMMC2_IRQHandler                        0x080002eb   Thumb Code     0  startup_stm32f769xx.o(.text)
    SPDIF_RX_IRQHandler                      0x080002eb   Thumb Code     0  startup_stm32f769xx.o(.text)
    SPI1_IRQHandler                          0x080002eb   Thumb Code     0  startup_stm32f769xx.o(.text)
    SPI2_IRQHandler                          0x080002eb   Thumb Code     0  startup_stm32f769xx.o(.text)
    SPI3_IRQHandler                          0x080002eb   Thumb Code     0  startup_stm32f769xx.o(.text)
    SPI4_IRQHandler                          0x080002eb   Thumb Code     0  startup_stm32f769xx.o(.text)
    SPI5_IRQHandler                          0x080002eb   Thumb Code     0  startup_stm32f769xx.o(.text)
    SPI6_IRQHandler                          0x080002eb   Thumb Code     0  startup_stm32f769xx.o(.text)
    TAMP_STAMP_IRQHandler                    0x080002eb   Thumb Code     0  startup_stm32f769xx.o(.text)
    TIM1_BRK_TIM9_IRQHandler                 0x080002eb   Thumb Code     0  startup_stm32f769xx.o(.text)
    TIM1_CC_IRQHandler                       0x080002eb   Thumb Code     0  startup_stm32f769xx.o(.text)
    TIM1_TRG_COM_TIM11_IRQHandler            0x080002eb   Thumb Code     0  startup_stm32f769xx.o(.text)
    TIM1_UP_TIM10_IRQHandler                 0x080002eb   Thumb Code     0  startup_stm32f769xx.o(.text)
    TIM2_IRQHandler                          0x080002eb   Thumb Code     0  startup_stm32f769xx.o(.text)
    TIM3_IRQHandler                          0x080002eb   Thumb Code     0  startup_stm32f769xx.o(.text)
    TIM4_IRQHandler                          0x080002eb   Thumb Code     0  startup_stm32f769xx.o(.text)
    TIM5_IRQHandler                          0x080002eb   Thumb Code     0  startup_stm32f769xx.o(.text)
    TIM7_IRQHandler                          0x080002eb   Thumb Code     0  startup_stm32f769xx.o(.text)
    TIM8_BRK_TIM12_IRQHandler                0x080002eb   Thumb Code     0  startup_stm32f769xx.o(.text)
    TIM8_CC_IRQHandler                       0x080002eb   Thumb Code     0  startup_stm32f769xx.o(.text)
    TIM8_TRG_COM_TIM14_IRQHandler            0x080002eb   Thumb Code     0  startup_stm32f769xx.o(.text)
    TIM8_UP_TIM13_IRQHandler                 0x080002eb   Thumb Code     0  startup_stm32f769xx.o(.text)
    UART4_IRQHandler                         0x080002eb   Thumb Code     0  startup_stm32f769xx.o(.text)
    UART5_IRQHandler                         0x080002eb   Thumb Code     0  startup_stm32f769xx.o(.text)
    UART7_IRQHandler                         0x080002eb   Thumb Code     0  startup_stm32f769xx.o(.text)
    UART8_IRQHandler                         0x080002eb   Thumb Code     0  startup_stm32f769xx.o(.text)
    USART1_IRQHandler                        0x080002eb   Thumb Code     0  startup_stm32f769xx.o(.text)
    USART2_IRQHandler                        0x080002eb   Thumb Code     0  startup_stm32f769xx.o(.text)
    USART3_IRQHandler                        0x080002eb   Thumb Code     0  startup_stm32f769xx.o(.text)
    WWDG_IRQHandler                          0x080002eb   Thumb Code     0  startup_stm32f769xx.o(.text)
    __aeabi_uldivmod                         0x080002f5   Thumb Code    98  uldiv.o(.text)
    __aeabi_memcpy                           0x08000357   Thumb Code    36  memcpya.o(.text)
    __aeabi_memcpy4                          0x08000357   Thumb Code     0  memcpya.o(.text)
    __aeabi_memcpy8                          0x08000357   Thumb Code     0  memcpya.o(.text)
    __aeabi_memset                           0x0800037b   Thumb Code    14  memseta.o(.text)
    __aeabi_memset4                          0x0800037b   Thumb Code     0  memseta.o(.text)
    __aeabi_memset8                          0x0800037b   Thumb Code     0  memseta.o(.text)
    __aeabi_memclr                           0x08000389   Thumb Code     4  memseta.o(.text)
    __aeabi_memclr4                          0x08000389   Thumb Code     0  memseta.o(.text)
    __aeabi_memclr8                          0x08000389   Thumb Code     0  memseta.o(.text)
    memset                                   0x0800038d   Thumb Code    18  memseta.o(.text)
    __aeabi_llsl                             0x0800039f   Thumb Code    30  llshl.o(.text)
    _ll_shift_l                              0x0800039f   Thumb Code     0  llshl.o(.text)
    __aeabi_llsr                             0x080003bd   Thumb Code    32  llushr.o(.text)
    _ll_ushift_r                             0x080003bd   Thumb Code     0  llushr.o(.text)
    __scatterload                            0x080003dd   Thumb Code    28  init.o(.text)
    __scatterload_rt2                        0x080003dd   Thumb Code     0  init.o(.text)
    BusFault_Handler                         0x08000401   Thumb Code     2  stm32f7xx_it.o(i.BusFault_Handler)
    CEC_IRQHandler                           0x08000405   Thumb Code     6  stm32f7xx_it.o(i.CEC_IRQHandler)
    DMA2D_IRQHandler                         0x08000411   Thumb Code     6  stm32f7xx_it.o(i.DMA2D_IRQHandler)
    DSI_IRQHandler                           0x0800041d   Thumb Code     6  stm32f7xx_it.o(i.DSI_IRQHandler)
    DebugMon_Handler                         0x08000429   Thumb Code     2  stm32f7xx_it.o(i.DebugMon_Handler)
    HAL_CEC_ErrorCallback                    0x0800042b   Thumb Code     2  stm32f7xx_hal_cec.o(i.HAL_CEC_ErrorCallback)
    HAL_CEC_IRQHandler                       0x0800042d   Thumb Code   262  stm32f7xx_hal_cec.o(i.HAL_CEC_IRQHandler)
    HAL_CEC_RxCpltCallback                   0x08000533   Thumb Code     2  stm32f7xx_hal_cec.o(i.HAL_CEC_RxCpltCallback)
    HAL_CEC_TxCpltCallback                   0x08000535   Thumb Code     2  stm32f7xx_hal_cec.o(i.HAL_CEC_TxCpltCallback)
    HAL_DMA2D_CLUTLoadingCpltCallback        0x08000537   Thumb Code     2  stm32f7xx_hal_dma2d.o(i.HAL_DMA2D_CLUTLoadingCpltCallback)
    HAL_DMA2D_IRQHandler                     0x08000539   Thumb Code   284  stm32f7xx_hal_dma2d.o(i.HAL_DMA2D_IRQHandler)
    HAL_DMA2D_LineEventCallback              0x08000655   Thumb Code     2  stm32f7xx_hal_dma2d.o(i.HAL_DMA2D_LineEventCallback)
    HAL_DMA_Abort_IT                         0x08000657   Thumb Code    36  stm32f7xx_hal_dma.o(i.HAL_DMA_Abort_IT)
    HAL_DSI_EndOfRefreshCallback             0x0800067b   Thumb Code     2  stm32f7xx_hal_dsi.o(i.HAL_DSI_EndOfRefreshCallback)
    HAL_DSI_ErrorCallback                    0x0800067d   Thumb Code     2  stm32f7xx_hal_dsi.o(i.HAL_DSI_ErrorCallback)
    HAL_DSI_IRQHandler                       0x0800067f   Thumb Code   236  stm32f7xx_hal_dsi.o(i.HAL_DSI_IRQHandler)
    HAL_DSI_TearingEffectCallback            0x0800076b   Thumb Code     2  stm32f7xx_hal_dsi.o(i.HAL_DSI_TearingEffectCallback)
    HAL_GPIO_Init                            0x0800076d   Thumb Code   418  stm32f7xx_hal_gpio.o(i.HAL_GPIO_Init)
    HAL_GPIO_WritePin                        0x08000945   Thumb Code    10  stm32f7xx_hal_gpio.o(i.HAL_GPIO_WritePin)
    HAL_GetTick                              0x08000951   Thumb Code     6  stm32f7xx_hal.o(i.HAL_GetTick)
    HAL_IncTick                              0x0800095d   Thumb Code    12  stm32f7xx_hal.o(i.HAL_IncTick)
    HAL_Init                                 0x0800096d   Thumb Code    22  stm32f7xx_hal.o(i.HAL_Init)
    HAL_InitTick                             0x08000985   Thumb Code   100  stm32f7xx_hal_timebase_tim.o(i.HAL_InitTick)
    HAL_LTDC_ErrorCallback                   0x080009f9   Thumb Code     2  stm32f7xx_hal_ltdc.o(i.HAL_LTDC_ErrorCallback)
    HAL_LTDC_IRQHandler                      0x080009fb   Thumb Code   200  stm32f7xx_hal_ltdc.o(i.HAL_LTDC_IRQHandler)
    HAL_LTDC_LineEventCallback               0x08000ac3   Thumb Code     2  stm32f7xx_hal_ltdc.o(i.HAL_LTDC_LineEventCallback)
    HAL_LTDC_ReloadEventCallback             0x08000ac5   Thumb Code     2  stm32f7xx_hal_ltdc.o(i.HAL_LTDC_ReloadEventCallback)
    HAL_MspInit                              0x08000ac9   Thumb Code    52  stm32f7xx_hal_msp.o(i.HAL_MspInit)
    HAL_NVIC_EnableIRQ                       0x08000b01   Thumb Code    26  stm32f7xx_hal_cortex.o(i.HAL_NVIC_EnableIRQ)
    HAL_NVIC_SetPriority                     0x08000b1d   Thumb Code    60  stm32f7xx_hal_cortex.o(i.HAL_NVIC_SetPriority)
    HAL_NVIC_SetPriorityGrouping             0x08000b5d   Thumb Code    28  stm32f7xx_hal_cortex.o(i.HAL_NVIC_SetPriorityGrouping)
    HAL_PCDEx_LPM_Callback                   0x08000b81   Thumb Code     2  stm32f7xx_hal_pcd_ex.o(i.HAL_PCDEx_LPM_Callback)
    HAL_PCD_ConnectCallback                  0x08000b83   Thumb Code     2  stm32f7xx_hal_pcd.o(i.HAL_PCD_ConnectCallback)
    HAL_PCD_DataInStageCallback              0x08000b85   Thumb Code     2  stm32f7xx_hal_pcd.o(i.HAL_PCD_DataInStageCallback)
    HAL_PCD_DataOutStageCallback             0x08000b87   Thumb Code     2  stm32f7xx_hal_pcd.o(i.HAL_PCD_DataOutStageCallback)
    HAL_PCD_DisconnectCallback               0x08000b89   Thumb Code     2  stm32f7xx_hal_pcd.o(i.HAL_PCD_DisconnectCallback)
    HAL_PCD_IRQHandler                       0x08000b8d   Thumb Code  1194  stm32f7xx_hal_pcd.o(i.HAL_PCD_IRQHandler)
    HAL_PCD_ISOINIncompleteCallback          0x08001037   Thumb Code     2  stm32f7xx_hal_pcd.o(i.HAL_PCD_ISOINIncompleteCallback)
    HAL_PCD_ISOOUTIncompleteCallback         0x08001039   Thumb Code     2  stm32f7xx_hal_pcd.o(i.HAL_PCD_ISOOUTIncompleteCallback)
    HAL_PCD_ResetCallback                    0x0800103b   Thumb Code     2  stm32f7xx_hal_pcd.o(i.HAL_PCD_ResetCallback)
    HAL_PCD_ResumeCallback                   0x0800103d   Thumb Code     2  stm32f7xx_hal_pcd.o(i.HAL_PCD_ResumeCallback)
    HAL_PCD_SOFCallback                      0x0800103f   Thumb Code     2  stm32f7xx_hal_pcd.o(i.HAL_PCD_SOFCallback)
    HAL_PCD_SetupStageCallback               0x08001041   Thumb Code     2  stm32f7xx_hal_pcd.o(i.HAL_PCD_SetupStageCallback)
    HAL_PCD_SuspendCallback                  0x08001043   Thumb Code     2  stm32f7xx_hal_pcd.o(i.HAL_PCD_SuspendCallback)
    HAL_PWREx_EnableOverDrive                0x08001045   Thumb Code   100  stm32f7xx_hal_pwr_ex.o(i.HAL_PWREx_EnableOverDrive)
    HAL_PWR_EnableBkUpAccess                 0x080010b1   Thumb Code    12  stm32f7xx_hal_pwr.o(i.HAL_PWR_EnableBkUpAccess)
    HAL_RCCEx_PeriphCLKConfig                0x080010c1   Thumb Code  1336  stm32f7xx_hal_rcc_ex.o(i.HAL_RCCEx_PeriphCLKConfig)
    HAL_RCC_ClockConfig                      0x080015fd   Thumb Code   282  stm32f7xx_hal_rcc.o(i.HAL_RCC_ClockConfig)
    HAL_RCC_GetClockConfig                   0x08001729   Thumb Code    56  stm32f7xx_hal_rcc.o(i.HAL_RCC_GetClockConfig)
    HAL_RCC_GetHCLKFreq                      0x08001769   Thumb Code     6  stm32f7xx_hal_rcc.o(i.HAL_RCC_GetHCLKFreq)
    HAL_RCC_GetPCLK1Freq                     0x08001775   Thumb Code    20  stm32f7xx_hal_rcc.o(i.HAL_RCC_GetPCLK1Freq)
    HAL_RCC_GetPCLK2Freq                     0x08001795   Thumb Code    20  stm32f7xx_hal_rcc.o(i.HAL_RCC_GetPCLK2Freq)
    HAL_RCC_GetSysClockFreq                  0x080017b5   Thumb Code    88  stm32f7xx_hal_rcc.o(i.HAL_RCC_GetSysClockFreq)
    HAL_RCC_MCOConfig                        0x08001819   Thumb Code   130  stm32f7xx_hal_rcc.o(i.HAL_RCC_MCOConfig)
    HAL_RCC_OscConfig                        0x080018ad   Thumb Code   814  stm32f7xx_hal_rcc.o(i.HAL_RCC_OscConfig)
    HAL_SPI_Init                             0x08001be9   Thumb Code   196  stm32f7xx_hal_spi.o(i.HAL_SPI_Init)
    HAL_SPI_MspInit                          0x08001cad   Thumb Code   152  stm32f7xx_hal_msp.o(i.HAL_SPI_MspInit)
    HAL_TIMEx_Break2Callback                 0x08001d55   Thumb Code     2  stm32f7xx_hal_tim_ex.o(i.HAL_TIMEx_Break2Callback)
    HAL_TIMEx_BreakCallback                  0x08001d57   Thumb Code     2  stm32f7xx_hal_tim_ex.o(i.HAL_TIMEx_BreakCallback)
    HAL_TIMEx_CommutCallback                 0x08001d59   Thumb Code     2  stm32f7xx_hal_tim_ex.o(i.HAL_TIMEx_CommutCallback)
    HAL_TIMEx_MasterConfigSynchronization    0x08001d5d   Thumb Code    88  stm32f7xx_hal_tim_ex.o(i.HAL_TIMEx_MasterConfigSynchronization)
    HAL_TIM_Base_Init                        0x08001dbd   Thumb Code    54  stm32f7xx_hal_tim.o(i.HAL_TIM_Base_Init)
    HAL_TIM_Base_MspInit                     0x08001df5   Thumb Code    74  stm32f7xx_hal_msp.o(i.HAL_TIM_Base_MspInit)
    HAL_TIM_Base_Start_IT                    0x08001e51   Thumb Code    40  stm32f7xx_hal_tim.o(i.HAL_TIM_Base_Start_IT)
    HAL_TIM_ConfigClockSource                0x08001e7d   Thumb Code   214  stm32f7xx_hal_tim.o(i.HAL_TIM_ConfigClockSource)
    HAL_TIM_IC_CaptureCallback               0x08001f59   Thumb Code     2  stm32f7xx_hal_tim.o(i.HAL_TIM_IC_CaptureCallback)
    HAL_TIM_IRQHandler                       0x08001f5b   Thumb Code   386  stm32f7xx_hal_tim.o(i.HAL_TIM_IRQHandler)
    HAL_TIM_MspPostInit                      0x080020dd   Thumb Code   192  stm32f7xx_hal_msp.o(i.HAL_TIM_MspPostInit)
    HAL_TIM_OC_DelayElapsedCallback          0x080021bd   Thumb Code     2  stm32f7xx_hal_tim.o(i.HAL_TIM_OC_DelayElapsedCallback)
    HAL_TIM_PWM_ConfigChannel                0x080021bf   Thumb Code   296  stm32f7xx_hal_tim.o(i.HAL_TIM_PWM_ConfigChannel)
    HAL_TIM_PWM_Init                         0x080022e7   Thumb Code    54  stm32f7xx_hal_tim.o(i.HAL_TIM_PWM_Init)
    HAL_TIM_PWM_MspInit                      0x0800231d   Thumb Code    52  stm32f7xx_hal_msp.o(i.HAL_TIM_PWM_MspInit)
    HAL_TIM_PWM_PulseFinishedCallback        0x0800235d   Thumb Code     2  stm32f7xx_hal_tim.o(i.HAL_TIM_PWM_PulseFinishedCallback)
    HAL_TIM_PeriodElapsedCallback            0x08002361   Thumb Code    14  main.o(i.HAL_TIM_PeriodElapsedCallback)
    HAL_TIM_TriggerCallback                  0x08002375   Thumb Code     2  stm32f7xx_hal_tim.o(i.HAL_TIM_TriggerCallback)
    HAL_UART_ErrorCallback                   0x08002377   Thumb Code     2  stm32f7xx_hal_uart.o(i.HAL_UART_ErrorCallback)
    HAL_UART_IRQHandler                      0x08002379   Thumb Code   292  stm32f7xx_hal_uart.o(i.HAL_UART_IRQHandler)
    HAL_UART_Init                            0x080024a1   Thumb Code   102  stm32f7xx_hal_uart.o(i.HAL_UART_Init)
    HAL_UART_MspInit                         0x08002509   Thumb Code   290  stm32f7xx_hal_msp.o(i.HAL_UART_MspInit)
    HAL_UART_Receive_IT                      0x08002649   Thumb Code   164  stm32f7xx_hal_uart.o(i.HAL_UART_Receive_IT)
    HAL_UART_RxCpltCallback                  0x080026f5   Thumb Code     2  stm32f7xx_hal_uart.o(i.HAL_UART_RxCpltCallback)
    HAL_UART_Transmit                        0x080026f7   Thumb Code   182  stm32f7xx_hal_uart.o(i.HAL_UART_Transmit)
    HAL_UART_TxCpltCallback                  0x080027ad   Thumb Code     2  stm32f7xx_hal_uart.o(i.HAL_UART_TxCpltCallback)
    HardFault_Handler                        0x080027af   Thumb Code     2  stm32f7xx_it.o(i.HardFault_Handler)
    LTDC_IRQHandler                          0x080027b1   Thumb Code     6  stm32f7xx_it.o(i.LTDC_IRQHandler)
    MemManage_Handler                        0x08002c0d   Thumb Code     2  stm32f7xx_it.o(i.MemManage_Handler)
    NMI_Handler                              0x08002c0f   Thumb Code     2  stm32f7xx_it.o(i.NMI_Handler)
    OTG_HS_IRQHandler                        0x08002c11   Thumb Code     6  stm32f7xx_it.o(i.OTG_HS_IRQHandler)
    ReadCode                                 0x08002d9b   Thumb Code    36  scanercodes_gm66.o(i.ReadCode)
    StartReadCodeTask                        0x08002dbf   Thumb Code    12  main.o(i.StartReadCodeTask)
    StartScanCodeReadTask                    0x08002dcd   Thumb Code   282  main.o(i.StartScanCodeReadTask)
    SysTick_Handler                          0x08002ef5   Thumb Code    42  port.o(i.SysTick_Handler)
    SystemClock_Config                       0x08002f25   Thumb Code   224  main.o(i.SystemClock_Config)
    SystemInit                               0x08003011   Thumb Code    68  system_stm32f7xx.o(i.SystemInit)
    TIM6_DAC_IRQHandler                      0x08003065   Thumb Code     6  stm32f7xx_it.o(i.TIM6_DAC_IRQHandler)
    TIM_Base_SetConfig                       0x08003071   Thumb Code   158  stm32f7xx_hal_tim.o(i.TIM_Base_SetConfig)
    TIM_ETR_SetConfig                        0x0800313d   Thumb Code    18  stm32f7xx_hal_tim.o(i.TIM_ETR_SetConfig)
    TIM_OC2_SetConfig                        0x080031d5   Thumb Code   108  stm32f7xx_hal_tim.o(i.TIM_OC2_SetConfig)
    UART_AdvFeatureConfig                    0x08003413   Thumb Code   200  stm32f7xx_hal_uart.o(i.UART_AdvFeatureConfig)
    UART_CheckIdleState                      0x080034db   Thumb Code    60  stm32f7xx_hal_uart.o(i.UART_CheckIdleState)
    UART_SetConfig                           0x08003601   Thumb Code   546  stm32f7xx_hal_uart.o(i.UART_SetConfig)
    UART_WaitOnFlagUntilTimeout              0x08003855   Thumb Code    96  stm32f7xx_hal_uart.o(i.UART_WaitOnFlagUntilTimeout)
    USART6_IRQHandler                        0x080038b5   Thumb Code     6  stm32f7xx_it.o(i.USART6_IRQHandler)
    USB_ActivateSetup                        0x080038c1   Thumb Code    52  stm32f7xx_ll_usb.o(i.USB_ActivateSetup)
    USB_EP0_OutStart                         0x080038f5   Thumb Code    84  stm32f7xx_ll_usb.o(i.USB_EP0_OutStart)
    USB_FlushTxFifo                          0x0800394d   Thumb Code    32  stm32f7xx_ll_usb.o(i.USB_FlushTxFifo)
    USB_GetDevSpeed                          0x08003971   Thumb Code    26  stm32f7xx_ll_usb.o(i.USB_GetDevSpeed)
    USB_GetMode                              0x0800398b   Thumb Code     8  stm32f7xx_ll_usb.o(i.USB_GetMode)
    USB_ReadDevAllInEpInterrupt              0x08003993   Thumb Code    14  stm32f7xx_ll_usb.o(i.USB_ReadDevAllInEpInterrupt)
    USB_ReadDevAllOutEpInterrupt             0x080039a1   Thumb Code    14  stm32f7xx_ll_usb.o(i.USB_ReadDevAllOutEpInterrupt)
    USB_ReadDevInEPInterrupt                 0x080039af   Thumb Code    36  stm32f7xx_ll_usb.o(i.USB_ReadDevInEPInterrupt)
    USB_ReadDevOutEPInterrupt                0x080039d3   Thumb Code    16  stm32f7xx_ll_usb.o(i.USB_ReadDevOutEPInterrupt)
    USB_ReadInterrupts                       0x080039e3   Thumb Code     8  stm32f7xx_ll_usb.o(i.USB_ReadInterrupts)
    USB_ReadPacket                           0x080039eb   Thumb Code    28  stm32f7xx_ll_usb.o(i.USB_ReadPacket)
    USB_SetTurnaroundTime                    0x08003a09   Thumb Code   158  stm32f7xx_ll_usb.o(i.USB_SetTurnaroundTime)
    USB_WritePacket                          0x08003af1   Thumb Code    36  stm32f7xx_ll_usb.o(i.USB_WritePacket)
    UsageFault_Handler                       0x08003b15   Thumb Code     2  stm32f7xx_it.o(i.UsageFault_Handler)
    __scatterload_copy                       0x08003b39   Thumb Code    14  handlers.o(i.__scatterload_copy)
    __scatterload_null                       0x08003b47   Thumb Code     2  handlers.o(i.__scatterload_null)
    __scatterload_zeroinit                   0x08003b49   Thumb Code    14  handlers.o(i.__scatterload_zeroinit)
    main                                     0x08003b59   Thumb Code   124  main.o(i.main)
    osDelay                                  0x08003beb   Thumb Code    14  cmsis_os.o(i.osDelay)
    osKernelStart                            0x08003bf9   Thumb Code    10  cmsis_os.o(i.osKernelStart)
    osMessageCreate                          0x08003c03   Thumb Code    38  cmsis_os.o(i.osMessageCreate)
    osThreadCreate                           0x08003c29   Thumb Code    84  cmsis_os.o(i.osThreadCreate)
    pvPortMalloc                             0x08003ffd   Thumb Code   232  heap_4.o(i.pvPortMalloc)
    pxPortInitialiseStack                    0x080040e9   Thumb Code    42  port.o(i.pxPortInitialiseStack)
    uxListRemove                             0x08004119   Thumb Code    38  list.o(i.uxListRemove)
    vApplicationGetIdleTaskMemory            0x08004141   Thumb Code    18  freertos.o(i.vApplicationGetIdleTaskMemory)
    vApplicationIdleHook                     0x08004159   Thumb Code     2  freertos.o(i.vApplicationIdleHook)
    vApplicationMallocFailedHook             0x0800415b   Thumb Code     2  freertos.o(i.vApplicationMallocFailedHook)
    vApplicationStackOverflowHook            0x0800415d   Thumb Code     2  freertos.o(i.vApplicationStackOverflowHook)
    vListInitialise                          0x0800415f   Thumb Code    22  list.o(i.vListInitialise)
    vListInitialiseItem                      0x08004175   Thumb Code     6  list.o(i.vListInitialiseItem)
    vListInsert                              0x0800417b   Thumb Code    48  list.o(i.vListInsert)
    vListInsertEnd                           0x080041ab   Thumb Code    24  list.o(i.vListInsertEnd)
    vPortEnterCritical                       0x080041c5   Thumb Code    62  port.o(i.vPortEnterCritical)
    vPortExitCritical                        0x0800420d   Thumb Code    38  port.o(i.vPortExitCritical)
    vPortFree                                0x08004239   Thumb Code    96  heap_4.o(i.vPortFree)
    vPortSetupTimerInterrupt                 0x0800429d   Thumb Code    32  port.o(i.vPortSetupTimerInterrupt)
    vTaskDelay                               0x080042c1   Thumb Code    70  tasks.o(i.vTaskDelay)
    vTaskStartScheduler                      0x08004311   Thumb Code    94  tasks.o(i.vTaskStartScheduler)
    vTaskSuspendAll                          0x08004381   Thumb Code    10  tasks.o(i.vTaskSuspendAll)
    vTaskSwitchContext                       0x08004391   Thumb Code   130  tasks.o(i.vTaskSwitchContext)
    xPortStartScheduler                      0x0800441d   Thumb Code   176  port.o(i.xPortStartScheduler)
    xQueueGenericCreate                      0x080044dd   Thumb Code    76  queue.o(i.xQueueGenericCreate)
    xQueueGenericCreateStatic                0x08004529   Thumb Code   118  queue.o(i.xQueueGenericCreateStatic)
    xQueueGenericReset                       0x080045a1   Thumb Code   148  queue.o(i.xQueueGenericReset)
    xTaskCreate                              0x08004639   Thumb Code    90  tasks.o(i.xTaskCreate)
    xTaskCreateStatic                        0x08004693   Thumb Code    94  tasks.o(i.xTaskCreateStatic)
    xTaskIncrementTick                       0x080046f1   Thumb Code   196  tasks.o(i.xTaskIncrementTick)
    xTaskRemoveFromEventList                 0x080047bd   Thumb Code   112  tasks.o(i.xTaskRemoveFromEventList)
    xTaskResumeAll                           0x08004835   Thumb Code   188  tasks.o(i.xTaskResumeAll)
    AHBPrescTable                            0x08004944   Data          16  system_stm32f7xx.o(.constdata)
    APBPrescTable                            0x08004954   Data           8  system_stm32f7xx.o(.constdata)
    Region$$Table$$Base                      0x0800497c   Number         0  anon$$obj.o(Region$$Table)
    Region$$Table$$Limit                     0x0800499c   Number         0  anon$$obj.o(Region$$Table)
    ScanCMD                                  0x20000000   Data           1  main.o(.data)
    Status                                   0x20000001   Data           1  main.o(.data)
    count                                    0x20000004   Data           4  main.o(.data)
    ScanCodeReadTasHandle                    0x20000008   Data           4  main.o(.data)
    StartReadCodeTaHandle                    0x2000000c   Data           4  main.o(.data)
    CodeHandle                               0x20000010   Data           4  main.o(.data)
    uwTickFreq                               0x20000014   Data           1  stm32f7xx_hal.o(.data)
    uwTickPrio                               0x20000018   Data           4  stm32f7xx_hal.o(.data)
    uwTick                                   0x2000001c   Data           4  stm32f7xx_hal.o(.data)
    SystemCoreClock                          0x20000020   Data           4  system_stm32f7xx.o(.data)
    pxCurrentTCB                             0x20000024   Data           4  tasks.o(.data)
    UartData                                 0x20000084   Data         100  main.o(.bss)
    Code                                     0x200000e8   Data         100  main.o(.bss)
    hspi2                                    0x2000014c   Data         100  main.o(.bss)
    htim1                                    0x200001b0   Data          64  main.o(.bss)
    htim3                                    0x200001f0   Data          64  main.o(.bss)
    htim10                                   0x20000230   Data          64  main.o(.bss)
    htim11                                   0x20000270   Data          64  main.o(.bss)
    htim12                                   0x200002b0   Data          64  main.o(.bss)
    huart5                                   0x200002f0   Data         128  main.o(.bss)
    huart1                                   0x20000370   Data         128  main.o(.bss)
    huart6                                   0x200003f0   Data         128  main.o(.bss)
    Command                                  0x20000470   Data          20  main.o(.bss)
    hdma2d                                   0x20000484   Data          88  main.o(.bss)
    hdsi                                     0x200004dc   Data          28  main.o(.bss)
    hcec                                     0x200004f8   Data          68  main.o(.bss)
    hltdc                                    0x2000053c   Data         168  main.o(.bss)
    hpcd_USB_OTG_HS                          0x200005e4   Data        1028  main.o(.bss)
    CodeBuffer                               0x200009e8   Data         100  main.o(.bss)
    CodeControlBlock                         0x20000a4c   Data          72  main.o(.bss)
    htim6                                    0x20000cec   Data          64  stm32f7xx_hal_timebase_tim.o(.bss)
    __initial_sp                             0x2000ce20   Data           0  startup_stm32f769xx.o(STACK)



==============================================================================

Memory Map of the image

  Image Entry point : 0x080001f9

  Load Region LR_IROM1 (Base: 0x08000000, Size: 0x00004a20, Max: 0x00200000, ABSOLUTE)

    Execution Region ER_IROM1 (Exec base: 0x08000000, Load base: 0x08000000, Size: 0x0000499c, Max: 0x00200000, ABSOLUTE)

    Exec Addr    Load Addr    Size         Type   Attr      Idx    E Section Name        Object

    0x08000000   0x08000000   0x000001f8   Data   RO            3    RESET               startup_stm32f769xx.o
    0x080001f8   0x080001f8   0x00000000   Code   RO         9500  * .ARM.Collect$$$$00000000  mc_w.l(entry.o)
    0x080001f8   0x080001f8   0x00000004   Code   RO         9513    .ARM.Collect$$$$00000001  mc_w.l(entry2.o)
    0x080001fc   0x080001fc   0x00000004   Code   RO         9516    .ARM.Collect$$$$00000004  mc_w.l(entry5.o)
    0x08000200   0x08000200   0x00000000   Code   RO         9518    .ARM.Collect$$$$00000008  mc_w.l(entry7b.o)
    0x08000200   0x08000200   0x00000000   Code   RO         9520    .ARM.Collect$$$$0000000A  mc_w.l(entry8b.o)
    0x08000200   0x08000200   0x00000008   Code   RO         9521    .ARM.Collect$$$$0000000B  mc_w.l(entry9a.o)
    0x08000208   0x08000208   0x00000000   Code   RO         9523    .ARM.Collect$$$$0000000D  mc_w.l(entry10a.o)
    0x08000208   0x08000208   0x00000000   Code   RO         9525    .ARM.Collect$$$$0000000F  mc_w.l(entry11a.o)
    0x08000208   0x08000208   0x00000004   Code   RO         9514    .ARM.Collect$$$$00002712  mc_w.l(entry2.o)
    0x0800020c   0x0800020c   0x000000c2   Code   RO         9423    .emb_text           port.o
    0x080002ce   0x080002ce   0x00000002   PAD
    0x080002d0   0x080002d0   0x00000024   Code   RO            4    .text               startup_stm32f769xx.o
    0x080002f4   0x080002f4   0x00000062   Code   RO         9503    .text               mc_w.l(uldiv.o)
    0x08000356   0x08000356   0x00000024   Code   RO         9505    .text               mc_w.l(memcpya.o)
    0x0800037a   0x0800037a   0x00000024   Code   RO         9509    .text               mc_w.l(memseta.o)
    0x0800039e   0x0800039e   0x0000001e   Code   RO         9527    .text               mc_w.l(llshl.o)
    0x080003bc   0x080003bc   0x00000020   Code   RO         9529    .text               mc_w.l(llushr.o)
    0x080003dc   0x080003dc   0x00000024   Code   RO         9531    .text               mc_w.l(init.o)
    0x08000400   0x08000400   0x00000002   Code   RO          427    i.BusFault_Handler  stm32f7xx_it.o
    0x08000402   0x08000402   0x00000002   PAD
    0x08000404   0x08000404   0x0000000c   Code   RO          428    i.CEC_IRQHandler    stm32f7xx_it.o
    0x08000410   0x08000410   0x0000000c   Code   RO          429    i.DMA2D_IRQHandler  stm32f7xx_it.o
    0x0800041c   0x0800041c   0x0000000c   Code   RO          430    i.DSI_IRQHandler    stm32f7xx_it.o
    0x08000428   0x08000428   0x00000002   Code   RO          431    i.DebugMon_Handler  stm32f7xx_it.o
    0x0800042a   0x0800042a   0x00000002   Code   RO         3867    i.HAL_CEC_ErrorCallback  stm32f7xx_hal_cec.o
    0x0800042c   0x0800042c   0x00000106   Code   RO         3871    i.HAL_CEC_IRQHandler  stm32f7xx_hal_cec.o
    0x08000532   0x08000532   0x00000002   Code   RO         3875    i.HAL_CEC_RxCpltCallback  stm32f7xx_hal_cec.o
    0x08000534   0x08000534   0x00000002   Code   RO         3878    i.HAL_CEC_TxCpltCallback  stm32f7xx_hal_cec.o
    0x08000536   0x08000536   0x00000002   Code   RO         2940    i.HAL_DMA2D_CLUTLoadingCpltCallback  stm32f7xx_hal_dma2d.o
    0x08000538   0x08000538   0x0000011c   Code   RO         2953    i.HAL_DMA2D_IRQHandler  stm32f7xx_hal_dma2d.o
    0x08000654   0x08000654   0x00000002   Code   RO         2955    i.HAL_DMA2D_LineEventCallback  stm32f7xx_hal_dma2d.o
    0x08000656   0x08000656   0x00000024   Code   RO         1553    i.HAL_DMA_Abort_IT  stm32f7xx_hal_dma.o
    0x0800067a   0x0800067a   0x00000002   Code   RO         3142    i.HAL_DSI_EndOfRefreshCallback  stm32f7xx_hal_dsi.o
    0x0800067c   0x0800067c   0x00000002   Code   RO         3145    i.HAL_DSI_ErrorCallback  stm32f7xx_hal_dsi.o
    0x0800067e   0x0800067e   0x000000ec   Code   RO         3153    i.HAL_DSI_IRQHandler  stm32f7xx_hal_dsi.o
    0x0800076a   0x0800076a   0x00000002   Code   RO         3174    i.HAL_DSI_TearingEffectCallback  stm32f7xx_hal_dsi.o
    0x0800076c   0x0800076c   0x000001d8   Code   RO         1486    i.HAL_GPIO_Init     stm32f7xx_hal_gpio.o
    0x08000944   0x08000944   0x0000000a   Code   RO         1490    i.HAL_GPIO_WritePin  stm32f7xx_hal_gpio.o
    0x0800094e   0x0800094e   0x00000002   PAD
    0x08000950   0x08000950   0x0000000c   Code   RO         2064    i.HAL_GetTick       stm32f7xx_hal.o
    0x0800095c   0x0800095c   0x00000010   Code   RO         2070    i.HAL_IncTick       stm32f7xx_hal.o
    0x0800096c   0x0800096c   0x00000016   Code   RO         2071    i.HAL_Init          stm32f7xx_hal.o
    0x08000982   0x08000982   0x00000002   PAD
    0x08000984   0x08000984   0x00000074   Code   RO          798    i.HAL_InitTick      stm32f7xx_hal_timebase_tim.o
    0x080009f8   0x080009f8   0x00000002   Code   RO         4013    i.HAL_LTDC_ErrorCallback  stm32f7xx_hal_ltdc.o
    0x080009fa   0x080009fa   0x000000c8   Code   RO         4016    i.HAL_LTDC_IRQHandler  stm32f7xx_hal_ltdc.o
    0x08000ac2   0x08000ac2   0x00000002   Code   RO         4018    i.HAL_LTDC_LineEventCallback  stm32f7xx_hal_ltdc.o
    0x08000ac4   0x08000ac4   0x00000002   Code   RO         4023    i.HAL_LTDC_ReloadEventCallback  stm32f7xx_hal_ltdc.o
    0x08000ac6   0x08000ac6   0x00000002   PAD
    0x08000ac8   0x08000ac8   0x00000038   Code   RO          546    i.HAL_MspInit       stm32f7xx_hal_msp.o
    0x08000b00   0x08000b00   0x0000001a   Code   RO         1917    i.HAL_NVIC_EnableIRQ  stm32f7xx_hal_cortex.o
    0x08000b1a   0x08000b1a   0x00000002   PAD
    0x08000b1c   0x08000b1c   0x00000040   Code   RO         1923    i.HAL_NVIC_SetPriority  stm32f7xx_hal_cortex.o
    0x08000b5c   0x08000b5c   0x00000024   Code   RO         1924    i.HAL_NVIC_SetPriorityGrouping  stm32f7xx_hal_cortex.o
    0x08000b80   0x08000b80   0x00000002   Code   RO         7757    i.HAL_PCDEx_LPM_Callback  stm32f7xx_hal_pcd_ex.o
    0x08000b82   0x08000b82   0x00000002   Code   RO         7535    i.HAL_PCD_ConnectCallback  stm32f7xx_hal_pcd.o
    0x08000b84   0x08000b84   0x00000002   Code   RO         7536    i.HAL_PCD_DataInStageCallback  stm32f7xx_hal_pcd.o
    0x08000b86   0x08000b86   0x00000002   Code   RO         7537    i.HAL_PCD_DataOutStageCallback  stm32f7xx_hal_pcd.o
    0x08000b88   0x08000b88   0x00000002   Code   RO         7542    i.HAL_PCD_DisconnectCallback  stm32f7xx_hal_pcd.o
    0x08000b8a   0x08000b8a   0x00000002   PAD
    0x08000b8c   0x08000b8c   0x000004aa   Code   RO         7552    i.HAL_PCD_IRQHandler  stm32f7xx_hal_pcd.o
    0x08001036   0x08001036   0x00000002   Code   RO         7553    i.HAL_PCD_ISOINIncompleteCallback  stm32f7xx_hal_pcd.o
    0x08001038   0x08001038   0x00000002   Code   RO         7554    i.HAL_PCD_ISOOUTIncompleteCallback  stm32f7xx_hal_pcd.o
    0x0800103a   0x0800103a   0x00000002   Code   RO         7558    i.HAL_PCD_ResetCallback  stm32f7xx_hal_pcd.o
    0x0800103c   0x0800103c   0x00000002   Code   RO         7559    i.HAL_PCD_ResumeCallback  stm32f7xx_hal_pcd.o
    0x0800103e   0x0800103e   0x00000002   Code   RO         7560    i.HAL_PCD_SOFCallback  stm32f7xx_hal_pcd.o
    0x08001040   0x08001040   0x00000002   Code   RO         7562    i.HAL_PCD_SetupStageCallback  stm32f7xx_hal_pcd.o
    0x08001042   0x08001042   0x00000002   Code   RO         7565    i.HAL_PCD_SuspendCallback  stm32f7xx_hal_pcd.o
    0x08001044   0x08001044   0x0000006c   Code   RO         1826    i.HAL_PWREx_EnableOverDrive  stm32f7xx_hal_pwr_ex.o
    0x080010b0   0x080010b0   0x00000010   Code   RO         1703    i.HAL_PWR_EnableBkUpAccess  stm32f7xx_hal_pwr.o
    0x080010c0   0x080010c0   0x0000053c   Code   RO         1247    i.HAL_RCCEx_PeriphCLKConfig  stm32f7xx_hal_rcc_ex.o
    0x080015fc   0x080015fc   0x0000012c   Code   RO         1140    i.HAL_RCC_ClockConfig  stm32f7xx_hal_rcc.o
    0x08001728   0x08001728   0x00000040   Code   RO         1144    i.HAL_RCC_GetClockConfig  stm32f7xx_hal_rcc.o
    0x08001768   0x08001768   0x0000000c   Code   RO         1145    i.HAL_RCC_GetHCLKFreq  stm32f7xx_hal_rcc.o
    0x08001774   0x08001774   0x00000020   Code   RO         1147    i.HAL_RCC_GetPCLK1Freq  stm32f7xx_hal_rcc.o
    0x08001794   0x08001794   0x00000020   Code   RO         1148    i.HAL_RCC_GetPCLK2Freq  stm32f7xx_hal_rcc.o
    0x080017b4   0x080017b4   0x00000064   Code   RO         1149    i.HAL_RCC_GetSysClockFreq  stm32f7xx_hal_rcc.o
    0x08001818   0x08001818   0x00000094   Code   RO         1150    i.HAL_RCC_MCOConfig  stm32f7xx_hal_rcc.o
    0x080018ac   0x080018ac   0x0000033c   Code   RO         1152    i.HAL_RCC_OscConfig  stm32f7xx_hal_rcc.o
    0x08001be8   0x08001be8   0x000000c4   Code   RO         5852    i.HAL_SPI_Init      stm32f7xx_hal_spi.o
    0x08001cac   0x08001cac   0x000000a8   Code   RO          560    i.HAL_SPI_MspInit   stm32f7xx_hal_msp.o
    0x08001d54   0x08001d54   0x00000002   Code   RO         6879    i.HAL_TIMEx_Break2Callback  stm32f7xx_hal_tim_ex.o
    0x08001d56   0x08001d56   0x00000002   Code   RO         6880    i.HAL_TIMEx_BreakCallback  stm32f7xx_hal_tim_ex.o
    0x08001d58   0x08001d58   0x00000002   Code   RO         6881    i.HAL_TIMEx_CommutCallback  stm32f7xx_hal_tim_ex.o
    0x08001d5a   0x08001d5a   0x00000002   PAD
    0x08001d5c   0x08001d5c   0x00000060   Code   RO         6900    i.HAL_TIMEx_MasterConfigSynchronization  stm32f7xx_hal_tim_ex.o
    0x08001dbc   0x08001dbc   0x00000036   Code   RO         6194    i.HAL_TIM_Base_Init  stm32f7xx_hal_tim.o
    0x08001df2   0x08001df2   0x00000002   PAD
    0x08001df4   0x08001df4   0x0000005c   Code   RO          562    i.HAL_TIM_Base_MspInit  stm32f7xx_hal_msp.o
    0x08001e50   0x08001e50   0x0000002c   Code   RO         6199    i.HAL_TIM_Base_Start_IT  stm32f7xx_hal_tim.o
    0x08001e7c   0x08001e7c   0x000000dc   Code   RO         6203    i.HAL_TIM_ConfigClockSource  stm32f7xx_hal_tim.o
    0x08001f58   0x08001f58   0x00000002   Code   RO         6223    i.HAL_TIM_IC_CaptureCallback  stm32f7xx_hal_tim.o
    0x08001f5a   0x08001f5a   0x00000182   Code   RO         6237    i.HAL_TIM_IRQHandler  stm32f7xx_hal_tim.o
    0x080020dc   0x080020dc   0x000000e0   Code   RO          563    i.HAL_TIM_MspPostInit  stm32f7xx_hal_msp.o
    0x080021bc   0x080021bc   0x00000002   Code   RO         6240    i.HAL_TIM_OC_DelayElapsedCallback  stm32f7xx_hal_tim.o
    0x080021be   0x080021be   0x00000128   Code   RO         6261    i.HAL_TIM_PWM_ConfigChannel  stm32f7xx_hal_tim.o
    0x080022e6   0x080022e6   0x00000036   Code   RO         6264    i.HAL_TIM_PWM_Init  stm32f7xx_hal_tim.o
    0x0800231c   0x0800231c   0x00000040   Code   RO          565    i.HAL_TIM_PWM_MspInit  stm32f7xx_hal_msp.o
    0x0800235c   0x0800235c   0x00000002   Code   RO         6267    i.HAL_TIM_PWM_PulseFinishedCallback  stm32f7xx_hal_tim.o
    0x0800235e   0x0800235e   0x00000002   PAD
    0x08002360   0x08002360   0x00000014   Code   RO           14    i.HAL_TIM_PeriodElapsedCallback  main.o
    0x08002374   0x08002374   0x00000002   Code   RO         6280    i.HAL_TIM_TriggerCallback  stm32f7xx_hal_tim.o
    0x08002376   0x08002376   0x00000002   Code   RO         7170    i.HAL_UART_ErrorCallback  stm32f7xx_hal_uart.o
    0x08002378   0x08002378   0x00000128   Code   RO         7173    i.HAL_UART_IRQHandler  stm32f7xx_hal_uart.o
    0x080024a0   0x080024a0   0x00000066   Code   RO         7174    i.HAL_UART_Init     stm32f7xx_hal_uart.o
    0x08002506   0x08002506   0x00000002   PAD
    0x08002508   0x08002508   0x00000140   Code   RO          567    i.HAL_UART_MspInit  stm32f7xx_hal_msp.o
    0x08002648   0x08002648   0x000000ac   Code   RO         7179    i.HAL_UART_Receive_IT  stm32f7xx_hal_uart.o
    0x080026f4   0x080026f4   0x00000002   Code   RO         7180    i.HAL_UART_RxCpltCallback  stm32f7xx_hal_uart.o
    0x080026f6   0x080026f6   0x000000b6   Code   RO         7182    i.HAL_UART_Transmit  stm32f7xx_hal_uart.o
    0x080027ac   0x080027ac   0x00000002   Code   RO         7185    i.HAL_UART_TxCpltCallback  stm32f7xx_hal_uart.o
    0x080027ae   0x080027ae   0x00000002   Code   RO          432    i.HardFault_Handler  stm32f7xx_it.o
    0x080027b0   0x080027b0   0x0000000c   Code   RO          433    i.LTDC_IRQHandler   stm32f7xx_it.o
    0x080027bc   0x080027bc   0x000001e8   Code   RO           15    i.MX_GPIO_Init      main.o
    0x080029a4   0x080029a4   0x00000040   Code   RO           16    i.MX_SPI2_Init      main.o
    0x080029e4   0x080029e4   0x00000050   Code   RO           17    i.MX_TIM10_Init     main.o
    0x08002a34   0x08002a34   0x00000050   Code   RO           18    i.MX_TIM11_Init     main.o
    0x08002a84   0x08002a84   0x00000048   Code   RO           19    i.MX_TIM12_Init     main.o
    0x08002acc   0x08002acc   0x00000054   Code   RO           20    i.MX_TIM1_Init      main.o
    0x08002b20   0x08002b20   0x0000005c   Code   RO           21    i.MX_TIM3_Init      main.o
    0x08002b7c   0x08002b7c   0x00000030   Code   RO           22    i.MX_UART5_Init     main.o
    0x08002bac   0x08002bac   0x00000030   Code   RO           23    i.MX_USART1_UART_Init  main.o
    0x08002bdc   0x08002bdc   0x00000030   Code   RO           24    i.MX_USART6_UART_Init  main.o
    0x08002c0c   0x08002c0c   0x00000002   Code   RO          434    i.MemManage_Handler  stm32f7xx_it.o
    0x08002c0e   0x08002c0e   0x00000002   Code   RO          435    i.NMI_Handler       stm32f7xx_it.o
    0x08002c10   0x08002c10   0x0000000c   Code   RO          436    i.OTG_HS_IRQHandler  stm32f7xx_it.o
    0x08002c1c   0x08002c1c   0x000000dc   Code   RO         7566    i.PCD_EP_OutXfrComplete_int  stm32f7xx_hal_pcd.o
    0x08002cf8   0x08002cf8   0x000000a2   Code   RO         7567    i.PCD_WriteEmptyTxFifo  stm32f7xx_hal_pcd.o
    0x08002d9a   0x08002d9a   0x00000024   Code   RO          835    i.ReadCode          scanercodes_gm66.o
    0x08002dbe   0x08002dbe   0x0000000c   Code   RO           25    i.StartReadCodeTask  main.o
    0x08002dca   0x08002dca   0x00000002   PAD
    0x08002dcc   0x08002dcc   0x00000128   Code   RO           26    i.StartScanCodeReadTask  main.o
    0x08002ef4   0x08002ef4   0x00000030   Code   RO         9424    i.SysTick_Handler   port.o
    0x08002f24   0x08002f24   0x000000ec   Code   RO           27    i.SystemClock_Config  main.o
    0x08003010   0x08003010   0x00000054   Code   RO         8157    i.SystemInit        system_stm32f7xx.o
    0x08003064   0x08003064   0x0000000c   Code   RO          437    i.TIM6_DAC_IRQHandler  stm32f7xx_it.o
    0x08003070   0x08003070   0x000000cc   Code   RO         6282    i.TIM_Base_SetConfig  stm32f7xx_hal_tim.o
    0x0800313c   0x0800313c   0x00000012   Code   RO         6293    i.TIM_ETR_SetConfig  stm32f7xx_hal_tim.o
    0x0800314e   0x0800314e   0x00000010   Code   RO         6294    i.TIM_ITRx_SetConfig  stm32f7xx_hal_tim.o
    0x0800315e   0x0800315e   0x00000002   PAD
    0x08003160   0x08003160   0x00000074   Code   RO         6295    i.TIM_OC1_SetConfig  stm32f7xx_hal_tim.o
    0x080031d4   0x080031d4   0x00000078   Code   RO         6296    i.TIM_OC2_SetConfig  stm32f7xx_hal_tim.o
    0x0800324c   0x0800324c   0x00000078   Code   RO         6297    i.TIM_OC3_SetConfig  stm32f7xx_hal_tim.o
    0x080032c4   0x080032c4   0x00000058   Code   RO         6298    i.TIM_OC4_SetConfig  stm32f7xx_hal_tim.o
    0x0800331c   0x0800331c   0x00000058   Code   RO         6299    i.TIM_OC5_SetConfig  stm32f7xx_hal_tim.o
    0x08003374   0x08003374   0x00000058   Code   RO         6300    i.TIM_OC6_SetConfig  stm32f7xx_hal_tim.o
    0x080033cc   0x080033cc   0x00000022   Code   RO         6302    i.TIM_TI1_ConfigInputStage  stm32f7xx_hal_tim.o
    0x080033ee   0x080033ee   0x00000024   Code   RO         6304    i.TIM_TI2_ConfigInputStage  stm32f7xx_hal_tim.o
    0x08003412   0x08003412   0x000000c8   Code   RO         7187    i.UART_AdvFeatureConfig  stm32f7xx_hal_uart.o
    0x080034da   0x080034da   0x0000003c   Code   RO         7188    i.UART_CheckIdleState  stm32f7xx_hal_uart.o
    0x08003516   0x08003516   0x00000014   Code   RO         7189    i.UART_DMAAbortOnError  stm32f7xx_hal_uart.o
    0x0800352a   0x0800352a   0x00000020   Code   RO         7199    i.UART_EndRxTransfer  stm32f7xx_hal_uart.o
    0x0800354a   0x0800354a   0x0000005a   Code   RO         7201    i.UART_RxISR_16BIT  stm32f7xx_hal_uart.o
    0x080035a4   0x080035a4   0x0000005a   Code   RO         7202    i.UART_RxISR_8BIT   stm32f7xx_hal_uart.o
    0x080035fe   0x080035fe   0x00000002   PAD
    0x08003600   0x08003600   0x00000254   Code   RO         7203    i.UART_SetConfig    stm32f7xx_hal_uart.o
    0x08003854   0x08003854   0x00000060   Code   RO         7206    i.UART_WaitOnFlagUntilTimeout  stm32f7xx_hal_uart.o
    0x080038b4   0x080038b4   0x0000000c   Code   RO          438    i.USART6_IRQHandler  stm32f7xx_it.o
    0x080038c0   0x080038c0   0x00000034   Code   RO         7811    i.USB_ActivateSetup  stm32f7xx_ll_usb.o
    0x080038f4   0x080038f4   0x00000058   Code   RO         7825    i.USB_EP0_OutStart  stm32f7xx_ll_usb.o
    0x0800394c   0x0800394c   0x00000024   Code   RO         7831    i.USB_FlushTxFifo   stm32f7xx_ll_usb.o
    0x08003970   0x08003970   0x0000001a   Code   RO         7833    i.USB_GetDevSpeed   stm32f7xx_ll_usb.o
    0x0800398a   0x0800398a   0x00000008   Code   RO         7835    i.USB_GetMode       stm32f7xx_ll_usb.o
    0x08003992   0x08003992   0x0000000e   Code   RO         7842    i.USB_ReadDevAllInEpInterrupt  stm32f7xx_ll_usb.o
    0x080039a0   0x080039a0   0x0000000e   Code   RO         7843    i.USB_ReadDevAllOutEpInterrupt  stm32f7xx_ll_usb.o
    0x080039ae   0x080039ae   0x00000024   Code   RO         7844    i.USB_ReadDevInEPInterrupt  stm32f7xx_ll_usb.o
    0x080039d2   0x080039d2   0x00000010   Code   RO         7845    i.USB_ReadDevOutEPInterrupt  stm32f7xx_ll_usb.o
    0x080039e2   0x080039e2   0x00000008   Code   RO         7846    i.USB_ReadInterrupts  stm32f7xx_ll_usb.o
    0x080039ea   0x080039ea   0x0000001c   Code   RO         7847    i.USB_ReadPacket    stm32f7xx_ll_usb.o
    0x08003a06   0x08003a06   0x00000002   PAD
    0x08003a08   0x08003a08   0x000000e8   Code   RO         7852    i.USB_SetTurnaroundTime  stm32f7xx_ll_usb.o
    0x08003af0   0x08003af0   0x00000024   Code   RO         7855    i.USB_WritePacket   stm32f7xx_ll_usb.o
    0x08003b14   0x08003b14   0x00000002   Code   RO          439    i.UsageFault_Handler  stm32f7xx_it.o
    0x08003b16   0x08003b16   0x00000022   Code   RO         1930    i.__NVIC_SetPriority  stm32f7xx_hal_cortex.o
    0x08003b38   0x08003b38   0x0000000e   Code   RO         9535    i.__scatterload_copy  mc_w.l(handlers.o)
    0x08003b46   0x08003b46   0x00000002   Code   RO         9536    i.__scatterload_null  mc_w.l(handlers.o)
    0x08003b48   0x08003b48   0x0000000e   Code   RO         9537    i.__scatterload_zeroinit  mc_w.l(handlers.o)
    0x08003b56   0x08003b56   0x00000002   PAD
    0x08003b58   0x08003b58   0x00000084   Code   RO           28    i.main              main.o
    0x08003bdc   0x08003bdc   0x0000000e   Code   RO         8995    i.makeFreeRtosPriority  cmsis_os.o
    0x08003bea   0x08003bea   0x0000000e   Code   RO         8997    i.osDelay           cmsis_os.o
    0x08003bf8   0x08003bf8   0x0000000a   Code   RO         9000    i.osKernelStart     cmsis_os.o
    0x08003c02   0x08003c02   0x00000026   Code   RO         9009    i.osMessageCreate   cmsis_os.o
    0x08003c28   0x08003c28   0x00000054   Code   RO         9034    i.osThreadCreate    cmsis_os.o
    0x08003c7c   0x08003c7c   0x00000070   Code   RO         8674    i.prvAddCurrentTaskToDelayedList  tasks.o
    0x08003cec   0x08003cec   0x000000d0   Code   RO         8675    i.prvAddNewTaskToReadyList  tasks.o
    0x08003dbc   0x08003dbc   0x00000038   Code   RO         8676    i.prvDeleteTCB      tasks.o
    0x08003df4   0x08003df4   0x00000050   Code   RO         9362    i.prvHeapInit       heap_4.o
    0x08003e44   0x08003e44   0x00000064   Code   RO         8677    i.prvIdleTask       tasks.o
    0x08003ea8   0x08003ea8   0x00000016   Code   RO         8338    i.prvInitialiseNewQueue  queue.o
    0x08003ebe   0x08003ebe   0x000000a2   Code   RO         8678    i.prvInitialiseNewTask  tasks.o
    0x08003f60   0x08003f60   0x0000004c   Code   RO         9363    i.prvInsertBlockIntoFreeList  heap_4.o
    0x08003fac   0x08003fac   0x00000020   Code   RO         8679    i.prvResetNextTaskUnblockTime  tasks.o
    0x08003fcc   0x08003fcc   0x00000030   Code   RO         9425    i.prvTaskExitError  port.o
    0x08003ffc   0x08003ffc   0x000000ec   Code   RO         9364    i.pvPortMalloc      heap_4.o
    0x080040e8   0x080040e8   0x00000030   Code   RO         9426    i.pxPortInitialiseStack  port.o
    0x08004118   0x08004118   0x00000026   Code   RO         8295    i.uxListRemove      list.o
    0x0800413e   0x0800413e   0x00000002   PAD
    0x08004140   0x08004140   0x00000018   Code   RO          375    i.vApplicationGetIdleTaskMemory  freertos.o
    0x08004158   0x08004158   0x00000002   Code   RO          376    i.vApplicationIdleHook  freertos.o
    0x0800415a   0x0800415a   0x00000002   Code   RO          377    i.vApplicationMallocFailedHook  freertos.o
    0x0800415c   0x0800415c   0x00000002   Code   RO          378    i.vApplicationStackOverflowHook  freertos.o
    0x0800415e   0x0800415e   0x00000016   Code   RO         8296    i.vListInitialise   list.o
    0x08004174   0x08004174   0x00000006   Code   RO         8297    i.vListInitialiseItem  list.o
    0x0800417a   0x0800417a   0x00000030   Code   RO         8298    i.vListInsert       list.o
    0x080041aa   0x080041aa   0x00000018   Code   RO         8299    i.vListInsertEnd    list.o
    0x080041c2   0x080041c2   0x00000002   PAD
    0x080041c4   0x080041c4   0x00000048   Code   RO         9428    i.vPortEnterCritical  port.o
    0x0800420c   0x0800420c   0x0000002c   Code   RO         9429    i.vPortExitCritical  port.o
    0x08004238   0x08004238   0x00000064   Code   RO         9365    i.vPortFree         heap_4.o
    0x0800429c   0x0800429c   0x00000024   Code   RO         9430    i.vPortSetupTimerInterrupt  port.o
    0x080042c0   0x080042c0   0x00000050   Code   RO         8687    i.vTaskDelay        tasks.o
    0x08004310   0x08004310   0x00000070   Code   RO         8701    i.vTaskStartScheduler  tasks.o
    0x08004380   0x08004380   0x00000010   Code   RO         8703    i.vTaskSuspendAll   tasks.o
    0x08004390   0x08004390   0x0000008c   Code   RO         8704    i.vTaskSwitchContext  tasks.o
    0x0800441c   0x0800441c   0x000000c0   Code   RO         9432    i.xPortStartScheduler  port.o
    0x080044dc   0x080044dc   0x0000004c   Code   RO         8351    i.xQueueGenericCreate  queue.o
    0x08004528   0x08004528   0x00000076   Code   RO         8352    i.xQueueGenericCreateStatic  queue.o
    0x0800459e   0x0800459e   0x00000002   PAD
    0x080045a0   0x080045a0   0x00000098   Code   RO         8353    i.xQueueGenericReset  queue.o
    0x08004638   0x08004638   0x0000005a   Code   RO         8707    i.xTaskCreate       tasks.o
    0x08004692   0x08004692   0x0000005e   Code   RO         8708    i.xTaskCreateStatic  tasks.o
    0x080046f0   0x080046f0   0x000000cc   Code   RO         8716    i.xTaskIncrementTick  tasks.o
    0x080047bc   0x080047bc   0x00000078   Code   RO         8721    i.xTaskRemoveFromEventList  tasks.o
    0x08004834   0x08004834   0x000000c8   Code   RO         8722    i.xTaskResumeAll    tasks.o
    0x080048fc   0x080048fc   0x00000048   Data   RO           54    .constdata          main.o
    0x08004944   0x08004944   0x00000010   Data   RO         8158    .constdata          system_stm32f7xx.o
    0x08004954   0x08004954   0x00000008   Data   RO         8159    .constdata          system_stm32f7xx.o
    0x0800495c   0x0800495c   0x00000020   Data   RO           55    .conststring        main.o
    0x0800497c   0x0800497c   0x00000020   Data   RO         9533    Region$$Table       anon$$obj.o


    Execution Region RW_IRAM1 (Exec base: 0x20000000, Load base: 0x0800499c, Size: 0x0000ce20, Max: 0x00080000, ABSOLUTE)

    Exec Addr    Load Addr    Size         Type   Attr      Idx    E Section Name        Object

    0x20000000   0x0800499c   0x00000014   Data   RW           56    .data               main.o
    0x20000014   0x080049b0   0x0000000c   Data   RW         2078    .data               stm32f7xx_hal.o
    0x20000020   0x080049bc   0x00000004   Data   RW         8160    .data               system_stm32f7xx.o
    0x20000024   0x080049c0   0x0000003c   Data   RW         8725    .data               tasks.o
    0x20000060   0x080049fc   0x00000018   Data   RW         9370    .data               heap_4.o
    0x20000078   0x08004a14   0x0000000c   Data   RW         9433    .data               port.o
    0x20000084        -       0x00000400   Zero   RW           29    .bss                main.o
    0x20000484        -       0x00000058   Zero   RW           33    .bss                main.o
    0x200004dc        -       0x0000001c   Zero   RW           34    .bss                main.o
    0x200004f8        -       0x00000044   Zero   RW           36    .bss                main.o
    0x2000053c        -       0x000000a8   Zero   RW           40    .bss                main.o
    0x200005e4        -       0x00000404   Zero   RW           48    .bss                main.o
    0x200009e8        -       0x00000064   Zero   RW           51    .bss                main.o
    0x20000a4c        -       0x00000048   Zero   RW           52    .bss                main.o
    0x20000a94        -       0x00000258   Zero   RW          379    .bss                freertos.o
    0x20000cec        -       0x00000040   Zero   RW          801    .bss                stm32f7xx_hal_timebase_tim.o
    0x20000d2c        -       0x000000f0   Zero   RW         8724    .bss                tasks.o
    0x20000e1c        -       0x00008000   Zero   RW         9369    .bss                heap_4.o
    0x20008e1c   0x08004a20   0x00000004   PAD
    0x20008e20        -       0x00004000   Zero   RW            1    STACK               startup_stm32f769xx.o


==============================================================================

Image component sizes


      Code (inc. data)   RO Data    RW Data    ZI Data      Debug   Object Name

       160          0          0          0          0      23115   cmsis_os.o
         0          0          0          0          0      18028   event_groups.o
        30          6          0          0        600       2770   freertos.o
       492         22          0         24      32768       7511   heap_4.o
       138          0          0          0          0       3630   list.o
      1800        168        104         20       2576    1230525   main.o
       682         70          0         12          0      11180   port.o
       368          4          0          0          0       6307   queue.o
        36          0          0          0          0        955   scanercodes_gm66.o
        36          8        504          0      16384        848   startup_stm32f769xx.o
        50         10          0         12          0       7934   stm32f7xx_hal.o
       268          0          0          0          0       2963   stm32f7xx_hal_cec.o
       160         12          0          0          0      38258   stm32f7xx_hal_cortex.o
        36          0          0          0          0       1247   stm32f7xx_hal_dma.o
       288          0          0          0          0       2629   stm32f7xx_hal_dma2d.o
       242          0          0          0          0       3884   stm32f7xx_hal_dsi.o
       482         54          0          0          0       2604   stm32f7xx_hal_gpio.o
       206          0          0          0          0       2983   stm32f7xx_hal_ltdc.o
       924        112          0          0          0       5070   stm32f7xx_hal_msp.o
      1598         16          0          0          0      11188   stm32f7xx_hal_pcd.o
         2          0          0          0          0        965   stm32f7xx_hal_pcd_ex.o
        16          4          0          0          0        559   stm32f7xx_hal_pwr.o
       108          8          0          0          0       1292   stm32f7xx_hal_pwr_ex.o
      1516        100          0          0          0       7317   stm32f7xx_hal_rcc.o
      1340         22          0          0          0       2348   stm32f7xx_hal_rcc_ex.o
       196          0          0          0          0       1291   stm32f7xx_hal_spi.o
      1990        134          0          0          0      16508   stm32f7xx_hal_tim.o
       102          8          0          0          0       3116   stm32f7xx_hal_tim_ex.o
       116         16          0          0         64       1439   stm32f7xx_hal_timebase_tim.o
      1942         82          0          0          0      12802   stm32f7xx_hal_uart.o
        96         42          0          0          0       6098   stm32f7xx_it.o
       594         82          0          0          0      10531   stm32f7xx_ll_usb.o
         0          0          0          0          0        392   stream_buffer.o
        84         16         24          4          0       1263   system_stm32f7xx.o
      1726        116          0         60        240      18081   tasks.o

    ----------------------------------------------------------------------
     17860       1112        664        132      52636    1467631   Object Totals
         0          0         32          0          0          0   (incl. Generated)
        36          0          0          0          4          0   (incl. Padding)

    ----------------------------------------------------------------------

      Code (inc. data)   RO Data    RW Data    ZI Data      Debug   Library Member Name

         0          0          0          0          0          0   entry.o
         0          0          0          0          0          0   entry10a.o
         0          0          0          0          0          0   entry11a.o
         8          4          0          0          0          0   entry2.o
         4          0          0          0          0          0   entry5.o
         0          0          0          0          0          0   entry7b.o
         0          0          0          0          0          0   entry8b.o
         8          4          0          0          0          0   entry9a.o
        30          0          0          0          0          0   handlers.o
        36          8          0          0          0         68   init.o
        30          0          0          0          0         68   llshl.o
        32          0          0          0          0         68   llushr.o
        36          0          0          0          0         68   memcpya.o
        36          0          0          0          0        108   memseta.o
        98          0          0          0          0         92   uldiv.o

    ----------------------------------------------------------------------
       320         16          0          0          0        472   Library Totals
         2          0          0          0          0          0   (incl. Padding)

    ----------------------------------------------------------------------

      Code (inc. data)   RO Data    RW Data    ZI Data      Debug   Library Name

       318         16          0          0          0        472   mc_w.l

    ----------------------------------------------------------------------
       320         16          0          0          0        472   Library Totals

    ----------------------------------------------------------------------

==============================================================================


      Code (inc. data)   RO Data    RW Data    ZI Data      Debug   

     18180       1128        664        132      52636    1450151   Grand Totals
     18180       1128        664        132      52636    1450151   ELF Image Totals
     18180       1128        664        132          0          0   ROM Totals

==============================================================================

    Total RO  Size (Code + RO Data)                18844 (  18.40kB)
    Total RW  Size (RW Data + ZI Data)             52768 (  51.53kB)
    Total ROM Size (Code + RO Data + RW Data)      18976 (  18.53kB)

==============================================================================

