<html>
<body>
<pre>
<h1>µVision Build Log</h1>
<h2>Tool Versions:</h2>
IDE-Version: µVision V5.28.0.0
Copyright (C) 2019 ARM Ltd and ARM Germany GmbH. All rights reserved.
License Information: Pavel Nekrasov, Mephi, LIC=14HGK-ZAYT7-KB7ER-KQI9J-JVCYF-EW1IY
 
Tool Versions:
Toolchain:       MDK-ARM Plus  Version: 5.28.0.0
Toolchain Path:  C:\Keil_v5\ARM\ARMCC\Bin
C Compiler:      Armcc.exe V5.06 update 6 (build 750)
Assembler:       Armasm.exe V5.06 update 6 (build 750)
Linker/Locator:  ArmLink.exe V5.06 update 6 (build 750)
Library Manager: ArmAr.exe V5.06 update 6 (build 750)
Hex Converter:   FromElf.exe V5.06 update 6 (build 750)
CPU DLL:         SARMCM3.DLL V5.28.0.0
Dialog DLL:      DCM.DLL V1.17.3.0
Target DLL:      STLink\ST-LINKIII-KEIL_SWO.dll V3.0.6.0
Dialog DLL:      TCM.DLL V1.36.2.0
 
<h2>Project:</h2>
F:\Pahan\PROJECTS\Keil\STM32F769_DISCO\ScanCodes2\MDK-ARM\ScanCodes2.uvprojx
Project File Date:  02/18/2020

<h2>Output:</h2>
*** Using Compiler 'V5.06 update 6 (build 750)', folder: 'C:\Keil_v5\ARM\ARMCC\Bin'
Build target 'ScanCodes2'
compiling main.c...
../Src/main.c(361): warning:  #177-D: function "MX_ADC1_Init"  was declared but never referenced
  static void MX_ADC1_Init(void)
../Src/main.c(411): warning:  #177-D: function "MX_ADC3_Init"  was declared but never referenced
  static void MX_ADC3_Init(void)
../Src/main.c(461): warning:  #177-D: function "MX_CRC_Init"  was declared but never referenced
  static void MX_CRC_Init(void)
../Src/main.c(492): warning:  #177-D: function "MX_DMA2D_Init"  was declared but never referenced
  static void MX_DMA2D_Init(void)
../Src/main.c(531): warning:  #177-D: function "MX_DSIHOST_DSI_Init"  was declared but never referenced
  static void MX_DSIHOST_DSI_Init(void)
../Src/main.c(640): warning:  #177-D: function "MX_ETH_Init"  was declared but never referenced
  static void MX_ETH_Init(void)
../Src/main.c(1641): warning:  #177-D: function "MX_FMC_Init"  was declared but never referenced
  static void MX_FMC_Init(void)
../Src/main.c(682): warning:  #177-D: function "MX_HDMI_CEC_Init"  was declared but never referenced
  static void MX_HDMI_CEC_Init(void)
../Src/main.c(718): warning:  #177-D: function "MX_I2C1_Init"  was declared but never referenced
  static void MX_I2C1_Init(void)
../Src/main.c(764): warning:  #177-D: function "MX_I2C4_Init"  was declared but never referenced
  static void MX_I2C4_Init(void)
../Src/main.c(810): warning:  #177-D: function "MX_IWDG_Init"  was declared but never referenced
  static void MX_IWDG_Init(void)
../Src/main.c(839): warning:  #177-D: function "MX_LTDC_Init"  was declared but never referenced
  static void MX_LTDC_Init(void)
../Src/main.c(901): warning:  #177-D: function "MX_QUADSPI_Init"  was declared but never referenced
  static void MX_QUADSPI_Init(void)
../Src/main.c(936): warning:  #177-D: function "MX_RTC_Init"  was declared but never referenced
  static void MX_RTC_Init(void)
../Src/main.c(1023): warning:  #177-D: function "MX_SAI1_Init"  was declared but never referenced
  static void MX_SAI1_Init(void)
../Src/main.c(1098): warning:  #177-D: function "MX_SAI2_Init"  was declared but never referenced
  static void MX_SAI2_Init(void)
../Src/main.c(1132): warning:  #177-D: function "MX_SDMMC2_MMC_Init"  was declared but never referenced
  static void MX_SDMMC2_MMC_Init(void)
../Src/main.c(1168): warning:  #177-D: function "MX_SPDIFRX_Init"  was declared but never referenced
  static void MX_SPDIFRX_Init(void)
../Src/main.c(1579): warning:  #177-D: function "MX_USB_OTG_HS_PCD_Init"  was declared but never referenced
  static void MX_USB_OTG_HS_PCD_Init(void)
../Src/main.c(1615): warning:  #177-D: function "MX_WWDG_Init"  was declared but never referenced
  static void MX_WWDG_Init(void)
../Src/main.c: 20 warnings, 0 errors
linking...
Program Size: Code=18180 RO-data=664 RW-data=132 ZI-data=52636  
FromELF: creating hex file...
"ScanCodes2\ScanCodes2.axf" - 0 Error(s), 20 Warning(s).

<h2>Software Packages used:</h2>

Package Vendor: ARM
                http://www.keil.com/pack/ARM.CMSIS.5.6.0.pack
                ARM.CMSIS.5.6.0
                CMSIS (Cortex Microcontroller Software Interface Standard)
   * Component: CORE Version: 5.3.0

Package Vendor: Keil
                https://www.keil.com/pack/Keil.STM32F7xx_DFP.2.12.0.pack
                Keil.STM32F7xx_DFP.2.12.0
                STMicroelectronics STM32F7 Series Device Support, Drivers and Examples

<h2>Collection of Component include folders:</h2>
  .\RTE\_ScanCodes2
  C:\Users\user\AppData\Local\Arm\Packs\ARM\CMSIS\5.6.0\CMSIS\Core\Include
  C:\Users\user\AppData\Local\Arm\Packs\Keil\STM32F7xx_DFP\2.12.0\Drivers\CMSIS\Device\ST\STM32F7xx\Include

<h2>Collection of Component Files used:</h2>

   * Component: ARM::CMSIS:CORE:5.3.0
Build Time Elapsed:  00:00:11
</pre>
</body>
</html>
